lpc17xx_gpio.c:52:26:GPIO_GetPointer	24	static
lpc17xx_gpio.c:85:31:FIO_HalfWordGetPointer	24	static
lpc17xx_gpio.c:118:27:FIO_ByteGetPointer	24	static
lpc17xx_gpio.c:170:6:GPIO_SetDir	24	static
lpc17xx_gpio.c:201:6:GPIO_SetValue	24	static
lpc17xx_gpio.c:224:6:GPIO_ClearValue	24	static
lpc17xx_gpio.c:241:10:GPIO_ReadValue	24	static
lpc17xx_gpio.c:262:6:GPIO_IntCmd	16	static
lpc17xx_gpio.c:290:17:GPIO_GetIntStatus	16	static
lpc17xx_gpio.c:311:6:GPIO_ClearInt	16	static
lpc17xx_gpio.c:328:6:FIO_SetDir	16	static
lpc17xx_gpio.c:336:6:FIO_SetValue	16	static
lpc17xx_gpio.c:344:6:FIO_ClearValue	16	static
lpc17xx_gpio.c:352:10:FIO_ReadValue	16	static
lpc17xx_gpio.c:360:6:FIO_IntCmd	16	static
lpc17xx_gpio.c:368:17:FIO_GetIntStatus	16	static
lpc17xx_gpio.c:376:6:FIO_ClearInt	16	static
lpc17xx_gpio.c:398:6:FIO_SetMask	24	static
lpc17xx_gpio.c:430:6:FIO_HalfWordSetDir	32	static
lpc17xx_gpio.c:479:6:FIO_HalfWordSetMask	32	static
lpc17xx_gpio.c:523:6:FIO_HalfWordSetValue	24	static
lpc17xx_gpio.c:553:6:FIO_HalfWordClearValue	24	static
lpc17xx_gpio.c:578:10:FIO_HalfWordReadValue	24	static
lpc17xx_gpio.c:611:6:FIO_ByteSetDir	32	static
lpc17xx_gpio.c:649:6:FIO_ByteSetMask	32	static
lpc17xx_gpio.c:683:6:FIO_ByteSetValue	24	static
lpc17xx_gpio.c:708:6:FIO_ByteClearValue	24	static
lpc17xx_gpio.c:728:9:FIO_ByteReadValue	24	static
