Archive member included to satisfy reference by file (symbol)

c:/nxp/mcuxpressoide_11.3.1_5262/ide/plugins/com.nxp.mcuxpresso.tools.win32_11.3.0.202008311133/tools/bin/../lib/gcc/arm-none-eabi/9.3.1/thumb/v7-m/nofp\libgcc.a(_arm_muldf3.o)
                              ./MCU/src/lpc17xx_systick.o (__aeabi_dmul)
c:/nxp/mcuxpressoide_11.3.1_5262/ide/plugins/com.nxp.mcuxpresso.tools.win32_11.3.0.202008311133/tools/bin/../lib/gcc/arm-none-eabi/9.3.1/thumb/v7-m/nofp\libgcc.a(_arm_addsubdf3.o)
                              ./MCU/src/lpc17xx_systick.o (__aeabi_dsub)
c:/nxp/mcuxpressoide_11.3.1_5262/ide/plugins/com.nxp.mcuxpresso.tools.win32_11.3.0.202008311133/tools/bin/../lib/gcc/arm-none-eabi/9.3.1/thumb/v7-m/nofp\libgcc.a(_arm_muldivdf3.o)
                              ./MCU/src/lpc17xx_systick.o (__aeabi_ddiv)
c:/nxp/mcuxpressoide_11.3.1_5262/ide/plugins/com.nxp.mcuxpresso.tools.win32_11.3.0.202008311133/tools/bin/../lib/gcc/arm-none-eabi/9.3.1/thumb/v7-m/nofp\libgcc.a(_arm_truncdfsf2.o)
                              ./MCU/src/lpc17xx_systick.o (__aeabi_d2f)
c:/nxp/mcuxpressoide_11.3.1_5262/ide/plugins/com.nxp.mcuxpresso.tools.win32_11.3.0.202008311133/tools/bin/../lib/gcc/arm-none-eabi/9.3.1/thumb/v7-m/nofp\libgcc.a(_arm_addsubsf3.o)
                              ./MCU/src/lpc17xx_systick.o (__aeabi_ui2f)
c:/nxp/mcuxpressoide_11.3.1_5262/ide/plugins/com.nxp.mcuxpresso.tools.win32_11.3.0.202008311133/tools/bin/../lib/gcc/arm-none-eabi/9.3.1/thumb/v7-m/nofp\libgcc.a(_arm_muldivsf3.o)
                              ./MCU/src/lpc17xx_systick.o (__aeabi_fdiv)
c:/nxp/mcuxpressoide_11.3.1_5262/ide/plugins/com.nxp.mcuxpresso.tools.win32_11.3.0.202008311133/tools/bin/../lib/gcc/arm-none-eabi/9.3.1/thumb/v7-m/nofp\libgcc.a(_arm_cmpsf2.o)
                              ./MCU/src/lpc17xx_systick.o (__aeabi_fcmplt)
c:/nxp/mcuxpressoide_11.3.1_5262/ide/plugins/com.nxp.mcuxpresso.tools.win32_11.3.0.202008311133/tools/bin/../lib/gcc/arm-none-eabi/9.3.1/thumb/v7-m/nofp\libgcc.a(_aeabi_uldivmod.o)
                              ./MCU/src/lpc17xx_timer.o (__aeabi_uldivmod)
c:/nxp/mcuxpressoide_11.3.1_5262/ide/plugins/com.nxp.mcuxpresso.tools.win32_11.3.0.202008311133/tools/bin/../lib/gcc/arm-none-eabi/9.3.1/thumb/v7-m/nofp\libgcc.a(_udivmoddi4.o)
                              c:/nxp/mcuxpressoide_11.3.1_5262/ide/plugins/com.nxp.mcuxpresso.tools.win32_11.3.0.202008311133/tools/bin/../lib/gcc/arm-none-eabi/9.3.1/thumb/v7-m/nofp\libgcc.a(_aeabi_uldivmod.o) (__udivmoddi4)
c:/nxp/mcuxpressoide_11.3.1_5262/ide/plugins/com.nxp.mcuxpresso.tools.win32_11.3.0.202008311133/tools/bin/../lib/gcc/arm-none-eabi/9.3.1/thumb/v7-m/nofp\libgcc.a(_dvmd_tls.o)
                              c:/nxp/mcuxpressoide_11.3.1_5262/ide/plugins/com.nxp.mcuxpresso.tools.win32_11.3.0.202008311133/tools/bin/../lib/gcc/arm-none-eabi/9.3.1/thumb/v7-m/nofp\libgcc.a(_aeabi_uldivmod.o) (__aeabi_ldiv0)
c:/nxp/mcuxpressoide_11.3.1_5262/ide/plugins/com.nxp.mcuxpresso.tools.win32_11.3.0.202008311133/tools/bin/../lib/gcc/arm-none-eabi/9.3.1/../../../../arm-none-eabi/lib/thumb/v7-m/nofp\libc.a(lib_a-printf.o)
                              ./src/main.o (printf)
c:/nxp/mcuxpressoide_11.3.1_5262/ide/plugins/com.nxp.mcuxpresso.tools.win32_11.3.0.202008311133/tools/bin/../lib/gcc/arm-none-eabi/9.3.1/../../../../arm-none-eabi/lib/thumb/v7-m/nofp\libc.a(lib_a-vfprintf.o)
                              c:/nxp/mcuxpressoide_11.3.1_5262/ide/plugins/com.nxp.mcuxpresso.tools.win32_11.3.0.202008311133/tools/bin/../lib/gcc/arm-none-eabi/9.3.1/../../../../arm-none-eabi/lib/thumb/v7-m/nofp\libc.a(lib_a-printf.o) (_vfprintf_r)
c:/nxp/mcuxpressoide_11.3.1_5262/ide/plugins/com.nxp.mcuxpresso.tools.win32_11.3.0.202008311133/tools/bin/../lib/gcc/arm-none-eabi/9.3.1/../../../../arm-none-eabi/lib/thumb/v7-m/nofp\libc.a(lib_a-wsetup.o)
                              c:/nxp/mcuxpressoide_11.3.1_5262/ide/plugins/com.nxp.mcuxpresso.tools.win32_11.3.0.202008311133/tools/bin/../lib/gcc/arm-none-eabi/9.3.1/../../../../arm-none-eabi/lib/thumb/v7-m/nofp\libc.a(lib_a-vfprintf.o) (__swsetup_r)
c:/nxp/mcuxpressoide_11.3.1_5262/ide/plugins/com.nxp.mcuxpresso.tools.win32_11.3.0.202008311133/tools/bin/../lib/gcc/arm-none-eabi/9.3.1/../../../../arm-none-eabi/lib/thumb/v7-m/nofp\libc.a(lib_a-dtoa.o)
                              c:/nxp/mcuxpressoide_11.3.1_5262/ide/plugins/com.nxp.mcuxpresso.tools.win32_11.3.0.202008311133/tools/bin/../lib/gcc/arm-none-eabi/9.3.1/../../../../arm-none-eabi/lib/thumb/v7-m/nofp\libc.a(lib_a-vfprintf.o) (_dtoa_r)
c:/nxp/mcuxpressoide_11.3.1_5262/ide/plugins/com.nxp.mcuxpresso.tools.win32_11.3.0.202008311133/tools/bin/../lib/gcc/arm-none-eabi/9.3.1/../../../../arm-none-eabi/lib/thumb/v7-m/nofp\libc.a(lib_a-fflush.o)
                              c:/nxp/mcuxpressoide_11.3.1_5262/ide/plugins/com.nxp.mcuxpresso.tools.win32_11.3.0.202008311133/tools/bin/../lib/gcc/arm-none-eabi/9.3.1/../../../../arm-none-eabi/lib/thumb/v7-m/nofp\libc.a(lib_a-vfprintf.o) (_fflush_r)
[...]
Memory Configuration

Name             Origin             Length             Attributes
MFlash512        0x00000000         0x00080000         xr
RamLoc32         0x10000000         0x00008000         xrw
RamAHB32         0x2007c000         0x00008000         xrw
*default*        0x00000000         0xffffffff

Linker script and memory map

LOAD ./src/cr_startup_lpc17.o
LOAD ./src/irq.o
LOAD ./src/main.o
LOAD ./MCU/src/lpc17xx_clkpwr.o
LOAD ./MCU/src/lpc17xx_gpio.o
LOAD ./MCU/src/lpc17xx_nvic.o
LOAD ./MCU/src/lpc17xx_pinsel.o
LOAD ./MCU/src/lpc17xx_systick.o
LOAD ./MCU/src/lpc17xx_timer.o
LOAD ./CMSIS/src/core_cm3.o
LOAD ./CMSIS/src/system_LPC17xx.o
START GROUP
LOAD c:/nxp/mcuxpressoide_11.3.1_5262/ide/plugins/com.nxp.mcuxpresso.tools.win32_11.3.0.202008311133/tools/bin/../lib/gcc/arm-none-eabi/9.3.1/thumb/v7-m/nofp\libgcc.a
LOAD c:/nxp/mcuxpressoide_11.3.1_5262/ide/plugins/com.nxp.mcuxpresso.tools.win32_11.3.0.202008311133/tools/bin/../lib/gcc/arm-none-eabi/9.3.1/../../../../arm-none-eabi/lib/thumb/v7-m/nofp\libc.a
LOAD c:/nxp/mcuxpressoide_11.3.1_5262/ide/plugins/com.nxp.mcuxpresso.tools.win32_11.3.0.202008311133/tools/bin/../lib/gcc/arm-none-eabi/9.3.1/../../../../arm-none-eabi/lib/thumb/v7-m/nofp\libm.a
LOAD c:/nxp/mcuxpressoide_11.3.1_5262/ide/plugins/com.nxp.mcuxpresso.tools.win32_11.3.0.202008311133/tools/bin/../lib/gcc/arm-none-eabi/9.3.1/../../../../arm-none-eabi/lib/thumb/v7-m/nofp\libcr_newlib_semihost.a
END GROUP
                0x00000000                __base_MFlash512 = 0x0
                0x00000000                __base_Flash = 0x0
                0x00080000                __top_MFlash512 = 0x80000
                0x00080000                __top_Flash = 0x80000
                0x10000000                __base_RamLoc32 = 0x10000000
                0x10000000                __base_RAM = 0x10000000
                0x10008000                __top_RamLoc32 = 0x10008000
                0x10008000                __top_RAM = 0x10008000
                0x2007c000                __base_RamAHB32 = 0x2007c000
                0x2007c000                __base_RAM2 = 0x2007c000
                0x20084000                __top_RamAHB32 = 0x20084000
                0x20084000                __top_RAM2 = 0x20084000

.text           0x00000000     0x84f4
 FILL mask 0xff
                0x00000000                __vectors_start__ = ABSOLUTE (.)
 *(.isr_vector)
 .isr_vector    0x00000000       0xcc ./src/cr_startup_lpc17.o
                0x00000000                g_pfnVectors
                0x000000cc                . = ALIGN (0x4)
                0x000000cc                __section_table_start = .
                0x000000cc                __data_section_table = .
                0x000000cc        0x4 LONG 0x84fc LOADADDR (.data)
                0x000000d0        0x4 LONG 0x10000000 ADDR (.data)
                0x000000d4        0x4 LONG 0x9ac SIZEOF (.data)
                0x000000d8        0x4 LONG 0x84fc LOADADDR (.data_RAM2)
                0x000000dc        0x4 LONG 0x2007c000 ADDR (.data_RAM2)
                0x000000e0        0x4 LONG 0x0 SIZEOF (.data_RAM2)
                0x000000e4                __data_section_table_end = .
                0x000000e4                __bss_section_table = .
                0x000000e4        0x4 LONG 0x100009ac ADDR (.bss)
                0x000000e8        0x4 LONG 0x9c SIZEOF (.bss)
                0x000000ec        0x4 LONG 0x2007c000 ADDR (.bss_RAM2)
                0x000000f0        0x4 LONG 0x0 SIZEOF (.bss_RAM2)
                0x000000f4                __bss_section_table_end = .
                0x000000f4                __section_table_end = .
 *(.after_vectors*)
 *(.text*)
 .text.ResetISR
                0x000000f4       0x58 ./src/cr_startup_lpc17.o
                0x000000f4                ResetISR
 .text.NMI_Handler
                0x0000014c        0x6 ./src/cr_startup_lpc17.o
                0x0000014c                NMI_Handler
 .text.HardFault_Handler
                0x00000152        0x6 ./src/cr_startup_lpc17.o
                0x00000152                HardFault_Handler
 .text.MemManage_Handler
                0x00000158        0x6 ./src/cr_startup_lpc17.o
                0x00000158                MemManage_Handler
 .text.BusFault_Handler
                0x0000015e        0x6 ./src/cr_startup_lpc17.o
                0x0000015e                BusFault_Handler
 .text.UsageFault_Handler
                0x00000164        0x6 ./src/cr_startup_lpc17.o
                0x00000164                UsageFault_Handler
 .text.SVCall_Handler
                0x0000016a        0x6 ./src/cr_startup_lpc17.o
                0x0000016a                SVCall_Handler
 .text.DebugMon_Handler
                0x00000170        0x6 ./src/cr_startup_lpc17.o
                0x00000170                DebugMon_Handler
 .text.PendSV_Handler
                0x00000176        0x6 ./src/cr_startup_lpc17.o
                0x00000176                PendSV_Handler
 .text.IntDefaultHandler
                0x0000017c        0x6 ./src/cr_startup_lpc17.o
                0x0000017c                TIMER2_IRQHandler
                0x0000017c                RIT_IRQHandler
                0x0000017c                I2C0_IRQHandler
                0x0000017c                USBActivity_IRQHandler
                0x0000017c                PWM1_IRQHandler
                0x0000017c                I2C1_IRQHandler
                0x0000017c                EINT2_IRQHandler
                0x0000017c                UART1_IRQHandler
                0x0000017c                EINT3_IRQHandler
                0x0000017c                CANActivity_IRQHandler
                0x0000017c                TIMER3_IRQHandler
                0x0000017c                UART0_IRQHandler
                0x0000017c                IntDefaultHandler
                0x0000017c                PLL0_IRQHandler
                0x0000017c                CAN_IRQHandler
                0x0000017c                PLL1_IRQHandler
                0x0000017c                SSP0_IRQHandler
                0x0000017c                I2S_IRQHandler
                0x0000017c                I2C2_IRQHandler
                0x0000017c                RTC_IRQHandler
                0x0000017c                TIMER0_IRQHandler
                0x0000017c                SPI_IRQHandler
                0x0000017c                EINT1_IRQHandler
                0x0000017c                UART2_IRQHandler
                0x0000017c                ADC_IRQHandler
                0x0000017c                SSP1_IRQHandler
                0x0000017c                USB_IRQHandler
                0x0000017c                BOD_IRQHandler
                0x0000017c                WDT_IRQHandler
                0x0000017c                QEI_IRQHandler
                0x0000017c                EINT0_IRQHandler
                0x0000017c                DMA_IRQHandler
                0x0000017c                UART3_IRQHandler
                0x0000017c                MCPWM_IRQHandler
                0x0000017c                ENET_IRQHandler
 *fill*         0x00000182        0x2 ff
 .text.TIMER1_IRQHandler
                0x00000184       0x5c ./src/irq.o
                0x00000184                TIMER1_IRQHandler
 .text.SysTick_Handler
                0x000001e0       0x1c ./src/irq.o
                0x000001e0                SysTick_Handler
 .text.NVIC_EnableIRQ
                0x000001fc       0x30 ./src/main.o
 .text.NVIC_SetPriority
                0x0000022c       0x54 ./src/main.o
 .text.SysTick_Config
                0x00000280       0x44 ./src/main.o
 .text.init_LED_port_and_pin
                0x000002c4       0x5e ./src/main.o
 .text.init_all_LEDs
                0x00000322       0x42 ./src/main.o
 .text.init_Systick
                0x00000364       0x34 ./src/main.o
 .text.init_Timer
                0x00000398       0x84 ./src/main.o
 .text.main     0x0000041c       0xb8 ./src/main.o
                0x0000041c                main
 .text.blad_krytyczny
                0x000004d4       0x1c ./src/main.o
                0x000004d4                blad_krytyczny
 .text.CLKPWR_SetPCLKDiv
                0x000004f0       0x90 ./MCU/src/lpc17xx_clkpwr.o
                0x000004f0                CLKPWR_SetPCLKDiv
 .text.CLKPWR_GetPCLKSEL
                0x00000580       0x48 ./MCU/src/lpc17xx_clkpwr.o
                0x00000580                CLKPWR_GetPCLKSEL
 .text.CLKPWR_GetPCLK
                0x000005c8       0x64 ./MCU/src/lpc17xx_clkpwr.o
                0x000005c8                CLKPWR_GetPCLK
 .text.CLKPWR_ConfigPPWR
                0x0000062c       0x58 ./MCU/src/lpc17xx_clkpwr.o
                0x0000062c                CLKPWR_ConfigPPWR
 .text.GPIO_GetPointer
                0x00000684       0x70 ./MCU/src/lpc17xx_gpio.o
 .text.GPIO_SetDir
                0x000006f4       0x4a ./MCU/src/lpc17xx_gpio.o
                0x000006f4                GPIO_SetDir
 .text.GPIO_SetValue
                0x0000073e       0x2a ./MCU/src/lpc17xx_gpio.o
                0x0000073e                GPIO_SetValue
 .text.GPIO_ClearValue
                0x00000768       0x2a ./MCU/src/lpc17xx_gpio.o
                0x00000768                GPIO_ClearValue
 *fill*         0x00000792        0x2 ff
 .text.set_PinFunc
                0x00000794       0x80 ./MCU/src/lpc17xx_pinsel.o
 .text.set_ResistorMode
                0x00000814       0x80 ./MCU/src/lpc17xx_pinsel.o
 .text.set_OpenDrainMode
                0x00000894       0x68 ./MCU/src/lpc17xx_pinsel.o
 .text.PINSEL_ConfigPin
                0x000008fc       0x46 ./MCU/src/lpc17xx_pinsel.o
                0x000008fc                PINSEL_ConfigPin
 *fill*         0x00000942        0x2 ff
 .text.getPClock
                0x00000944       0x58 ./MCU/src/lpc17xx_timer.o
 .text.converUSecToVal
                0x0000099c       0x5c ./MCU/src/lpc17xx_timer.o
 .text.converPtrToTimeNum
                0x000009f8       0x5c ./MCU/src/lpc17xx_timer.o
 .text.TIM_GetIntStatus
                0x00000a54       0x98 ./MCU/src/lpc17xx_timer.o
                0x00000a54                TIM_GetIntStatus
 .text.TIM_ClearIntPending
                0x00000aec       0x88 ./MCU/src/lpc17xx_timer.o
                0x00000aec                TIM_ClearIntPending
 .text.TIM_Init
                0x00000b74      0x184 ./MCU/src/lpc17xx_timer.o
                0x00000b74                TIM_Init
 .text.TIM_Cmd  0x00000cf8       0x70 ./MCU/src/lpc17xx_timer.o
                0x00000cf8                TIM_Cmd
 .text.TIM_ConfigMatch
                0x00000d68      0x184 ./MCU/src/lpc17xx_timer.o
                0x00000d68                TIM_ConfigMatch
 .text.Timer0_Wait
                0x00000eec       0x76 ./MCU/src/lpc17xx_timer.o
                0x00000eec                Timer0_Wait
 *fill*         0x00000f62        0x2 ff
 .text.SystemInit
                0x00000f64      0x140 ./CMSIS/src/system_LPC17xx.o
                0x00000f64                SystemInit
 .text          0x000010a4      0x378 c:/nxp/mcuxpressoide_11.3.1_5262/ide/plugins/com.nxp.mcuxpresso.tools.win32_11.3.0.202008311133/tools/bin/../lib/gcc/arm-none-eabi/9.3.1/thumb/v7-m/nofp\libgcc.a(_arm_addsubdf3.o)
                0x000010a4                __aeabi_drsub
                0x000010ac                __aeabi_dsub
                0x000010ac                __subdf3
                0x000010b0                __aeabi_dadd
                0x000010b0                __adddf3
                0x00001328                __floatunsidf
                0x00001328                __aeabi_ui2d
                0x00001348                __floatsidf
                0x00001348                __aeabi_i2d
                0x0000136c                __aeabi_f2d
                0x0000136c                __extendsfdf2
                0x000013b0                __floatundidf
                0x000013b0                __aeabi_ul2d
                0x000013c0                __floatdidf
                0x000013c0                __aeabi_l2d
 .text          0x0000141c      0x424 c:/nxp/mcuxpressoide_11.3.1_5262/ide/plugins/com.nxp.mcuxpresso.tools.win32_11.3.0.202008311133/tools/bin/../lib/gcc/arm-none-eabi/9.3.1/thumb/v7-m/nofp\libgcc.a(_arm_muldivdf3.o)
                0x0000141c                __aeabi_dmul
                0x0000141c                __muldf3
                0x00001670                __divdf3
                0x00001670                __aeabi_ddiv
 .text          0x00001840       0x30 c:/nxp/mcuxpressoide_11.3.1_5262/ide/plugins/com.nxp.mcuxpresso.tools.win32_11.3.0.202008311133/tools/bin/../lib/gcc/arm-none-eabi/9.3.1/thumb/v7-m/nofp\libgcc.a(_aeabi_uldivmod.o)
                0x00001840                __aeabi_uldivmod
 .text          0x00001870      0x2c4 c:/nxp/mcuxpressoide_11.3.1_5262/ide/plugins/com.nxp.mcuxpresso.tools.win32_11.3.0.202008311133/tools/bin/../lib/gcc/arm-none-eabi/9.3.1/thumb/v7-m/nofp\libgcc.a(_udivmoddi4.o)
                0x00001870                __udivmoddi4
 .text          0x00001b34        0x4 c:/nxp/mcuxpressoide_11.3.1_5262/ide/plugins/com.nxp.mcuxpresso.tools.win32_11.3.0.202008311133/tools/bin/../lib/gcc/arm-none-eabi/9.3.1/thumb/v7-m/nofp\libgcc.a(_dvmd_tls.o)
                0x00001b34                __aeabi_idiv0
                0x00001b34                __aeabi_ldiv0
 .text.printf   0x00001b38       0x28 c:/nxp/mcuxpressoide_11.3.1_5262/ide/plugins/com.nxp.mcuxpresso.tools.win32_11.3.0.202008311133/tools/bin/../lib/gcc/arm-none-eabi/9.3.1/../../../../arm-none-eabi/lib/thumb/v7-m/nofp\libc.a(lib_a-printf.o)
                0x00001b38                printf
 .text._vfprintf_r
                0x00001b60     0x1c18 c:/nxp/mcuxpressoide_11.3.1_5262/ide/plugins/com.nxp.mcuxpresso.tools.win32_11.3.0.202008311133/tools/bin/../lib/gcc/arm-none-eabi/9.3.1/../../../../arm-none-eabi/lib/thumb/v7-m/nofp\libc.a(lib_a-vfprintf.o)
                0x00001b60                _vfprintf_r
 .text.__sbprintf
                0x00003778       0x88 c:/nxp/mcuxpressoide_11.3.1_5262/ide/plugins/com.nxp.mcuxpresso.tools.win32_11.3.0.202008311133/tools/bin/../lib/gcc/arm-none-eabi/9.3.1/../../../../arm-none-eabi/lib/thumb/v7-m/nofp\libc.a(lib_a-vfprintf.o)
 .text.__swsetup_r
                0x00003800       0xd0 c:/nxp/mcuxpressoide_11.3.1_5262/ide/plugins/com.nxp.mcuxpresso.tools.win32_11.3.0.202008311133/tools/bin/../lib/gcc/arm-none-eabi/9.3.1/../../../../arm-none-eabi/lib/thumb/v7-m/nofp\libc.a(lib_a-wsetup.o)
                0x00003800                __swsetup_r
 .text.quorem   0x000038d0      0x120 c:/nxp/mcuxpressoide_11.3.1_5262/ide/plugins/com.nxp.mcuxpresso.tools.win32_11.3.0.202008311133/tools/bin/../lib/gcc/arm-none-eabi/9.3.1/../../../../arm-none-eabi/lib/thumb/v7-m/nofp\libc.a(lib_a-dtoa.o)
 .text._dtoa_r  0x000039f0      0xec8 c:/nxp/mcuxpressoide_11.3.1_5262/ide/plugins/com.nxp.mcuxpresso.tools.win32_11.3.0.202008311133/tools/bin/../lib/gcc/arm-none-eabi/9.3.1/../../../../arm-none-eabi/lib/thumb/v7-m/nofp\libc.a(lib_a-dtoa.o)
                0x000039f0                _dtoa_r
 .text.__sflush_r
                0x000048b8      0x130 c:/nxp/mcuxpressoide_11.3.1_5262/ide/plugins/com.nxp.mcuxpresso.tools.win32_11.3.0.202008311133/tools/bin/../lib/gcc/arm-none-eabi/9.3.1/../../../../arm-none-eabi/lib/thumb/v7-m/nofp\libc.a(lib_a-fflush.o)
                0x000048b8                __sflush_r
 .text._fflush_r
                0x000049e8       0x5c c:/nxp/mcuxpressoide_11.3.1_5262/ide/plugins/com.nxp.mcuxpresso.tools.win32_11.3.0.202008311133/tools/bin/../lib/gcc/arm-none-eabi/9.3.1/../../../../arm-none-eabi/lib/thumb/v7-m/nofp\libc.a(lib_a-fflush.o)
                0x000049e8                _fflush_r
 .text.std      0x00004a44       0x50 c:/nxp/mcuxpressoide_11.3.1_5262/ide/plugins/com.nxp.mcuxpresso.tools.win32_11.3.0.202008311133/tools/bin/../lib/gcc/arm-none-eabi/9.3.1/../../../../arm-none-eabi/lib/thumb/v7-m/nofp\libc.a(lib_a-findfp.o)
 .text._cleanup_r
                0x00004a94        0xc c:/nxp/mcuxpressoide_11.3.1_5262/ide/plugins/com.nxp.mcuxpresso.tools.win32_11.3.0.202008311133/tools/bin/../lib/gcc/arm-none-eabi/9.3.1/../../../../arm-none-eabi/lib/thumb/v7-m/nofp\libc.a(lib_a-findfp.o)
                0x00004a94                _cleanup_r
 .text.__sinit  0x00004aa0       0x5c c:/nxp/mcuxpressoide_11.3.1_5262/ide/plugins/com.nxp.mcuxpresso.tools.win32_11.3.0.202008311133/tools/bin/../lib/gcc/arm-none-eabi/9.3.1/../../../../arm-none-eabi/lib/thumb/v7-m/nofp\libc.a(lib_a-findfp.o)
                0x00004aa0                __sinit
 .text.__sfp_lock_acquire
                0x00004afc        0xc c:/nxp/mcuxpressoide_11.3.1_5262/ide/plugins/com.nxp.mcuxpresso.tools.win32_11.3.0.202008311133/tools/bin/../lib/gcc/arm-none-eabi/9.3.1/../../../../arm-none-eabi/lib/thumb/v7-m/nofp\libc.a(lib_a-findfp.o)
                0x00004afc                __sfp_lock_acquire
 .text.__sfp_lock_release
                0x00004b08        0xc c:/nxp/mcuxpressoide_11.3.1_5262/ide/plugins/com.nxp.mcuxpresso.tools.win32_11.3.0.202008311133/tools/bin/../lib/gcc/arm-none-eabi/9.3.1/../../../../arm-none-eabi/lib/thumb/v7-m/nofp\libc.a(lib_a-findfp.o)
                0x00004b08                __sfp_lock_release
 .text._malloc_trim_r
                0x00004b14       0xa0 c:/nxp/mcuxpressoide_11.3.1_5262/ide/plugins/com.nxp.mcuxpresso.tools.win32_11.3.0.202008311133/tools/bin/../lib/gcc/arm-none-eabi/9.3.1/../../../../arm-none-eabi/lib/thumb/v7-m/nofp\libc.a(lib_a-freer.o)
                0x00004b14                _malloc_trim_r
 .text._free_r  0x00004bb4      0x20c c:/nxp/mcuxpressoide_11.3.1_5262/ide/plugins/com.nxp.mcuxpresso.tools.win32_11.3.0.202008311133/tools/bin/../lib/gcc/arm-none-eabi/9.3.1/../../../../arm-none-eabi/lib/thumb/v7-m/nofp\libc.a(lib_a-freer.o)
                0x00004bb4                _free_r
 .text._fwalk_reent
                0x00004dc0       0x48 c:/nxp/mcuxpressoide_11.3.1_5262/ide/plugins/com.nxp.mcuxpresso.tools.win32_11.3.0.202008311133/tools/bin/../lib/gcc/arm-none-eabi/9.3.1/../../../../arm-none-eabi/lib/thumb/v7-m/nofp\libc.a(lib_a-fwalk.o)
                0x00004dc0                _fwalk_reent
 .text._localeconv_r
                0x00004e08        0x8 c:/nxp/mcuxpressoide_11.3.1_5262/ide/plugins/com.nxp.mcuxpresso.tools.win32_11.3.0.202008311133/tools/bin/../lib/gcc/arm-none-eabi/9.3.1/../../../../arm-none-eabi/lib/thumb/v7-m/nofp\libc.a(lib_a-localeconv.o)
                0x00004e08                _localeconv_r
 .text.__retarget_lock_init_recursive
                0x00004e10        0x4 c:/nxp/mcuxpressoide_11.3.1_5262/ide/plugins/com.nxp.mcuxpresso.tools.win32_11.3.0.202008311133/tools/bin/../lib/gcc/arm-none-eabi/9.3.1/../../../../arm-none-eabi/lib/thumb/v7-m/nofp\libc.a(lib_a-lock.o)
                0x00004e10                __retarget_lock_init_recursive
 .text.__retarget_lock_close_recursive
                0x00004e14        0x4 c:/nxp/mcuxpressoide_11.3.1_5262/ide/plugins/com.nxp.mcuxpresso.tools.win32_11.3.0.202008311133/tools/bin/../lib/gcc/arm-none-eabi/9.3.1/../../../../arm-none-eabi/lib/thumb/v7-m/nofp\libc.a(lib_a-lock.o)
                0x00004e14                __retarget_lock_close_recursive
 .text.__retarget_lock_acquire_recursive
                0x00004e18        0x4 c:/nxp/mcuxpressoide_11.3.1_5262/ide/plugins/com.nxp.mcuxpresso.tools.win32_11.3.0.202008311133/tools/bin/../lib/gcc/arm-none-eabi/9.3.1/../../../../arm-none-eabi/lib/thumb/v7-m/nofp\libc.a(lib_a-lock.o)
                0x00004e18                __retarget_lock_acquire_recursive
 .text.__retarget_lock_release_recursive
                0x00004e1c        0x4 c:/nxp/mcuxpressoide_11.3.1_5262/ide/plugins/com.nxp.mcuxpresso.tools.win32_11.3.0.202008311133/tools/bin/../lib/gcc/arm-none-eabi/9.3.1/../../../../arm-none-eabi/lib/thumb/v7-m/nofp\libc.a(lib_a-lock.o)
                0x00004e1c                __retarget_lock_release_recursive
 .text.__swhatbuf_r
                0x00004e20       0x5c c:/nxp/mcuxpressoide_11.3.1_5262/ide/plugins/com.nxp.mcuxpresso.tools.win32_11.3.0.202008311133/tools/bin/../lib/gcc/arm-none-eabi/9.3.1/../../../../arm-none-eabi/lib/thumb/v7-m/nofp\libc.a(lib_a-makebuf.o)
                0x00004e20                __swhatbuf_r
 .text.__smakebuf_r
                0x00004e7c       0x94 c:/nxp/mcuxpressoide_11.3.1_5262/ide/plugins/com.nxp.mcuxpresso.tools.win32_11.3.0.202008311133/tools/bin/../lib/gcc/arm-none-eabi/9.3.1/../../../../arm-none-eabi/lib/thumb/v7-m/nofp\libc.a(lib_a-makebuf.o)
                0x00004e7c                __smakebuf_r
 .text._malloc_r
                0x00004f10      0x55c c:/nxp/mcuxpressoide_11.3.1_5262/ide/plugins/com.nxp.mcuxpresso.tools.win32_11.3.0.202008311133/tools/bin/../lib/gcc/arm-none-eabi/9.3.1/../../../../arm-none-eabi/lib/thumb/v7-m/nofp\libc.a(lib_a-mallocr.o)
                0x00004f10                _malloc_r
 .text.memchr   0x0000546c       0x80 c:/nxp/mcuxpressoide_11.3.1_5262/ide/plugins/com.nxp.mcuxpresso.tools.win32_11.3.0.202008311133/tools/bin/../lib/gcc/arm-none-eabi/9.3.1/../../../../arm-none-eabi/lib/thumb/v7-m/nofp\libc.a(lib_a-memchr-stub.o)
                0x0000546c                memchr
 .text          0x000054ec       0xec c:/nxp/mcuxpressoide_11.3.1_5262/ide/plugins/com.nxp.mcuxpresso.tools.win32_11.3.0.202008311133/tools/bin/../lib/gcc/arm-none-eabi/9.3.1/../../../../arm-none-eabi/lib/thumb/v7-m/nofp\libc.a(lib_a-memcpy.o)
                0x000054ec                memcpy
 .text.memset   0x000055d8       0xa0 c:/nxp/mcuxpressoide_11.3.1_5262/ide/plugins/com.nxp.mcuxpresso.tools.win32_11.3.0.202008311133/tools/bin/../lib/gcc/arm-none-eabi/9.3.1/../../../../arm-none-eabi/lib/thumb/v7-m/nofp\libc.a(lib_a-memset.o)
                0x000055d8                memset
 .text.__malloc_lock
                0x00005678        0xc c:/nxp/mcuxpressoide_11.3.1_5262/ide/plugins/com.nxp.mcuxpresso.tools.win32_11.3.0.202008311133/tools/bin/../lib/gcc/arm-none-eabi/9.3.1/../../../../arm-none-eabi/lib/thumb/v7-m/nofp\libc.a(lib_a-mlock.o)
                0x00005678                __malloc_lock
 .text.__malloc_unlock
                0x00005684        0xc c:/nxp/mcuxpressoide_11.3.1_5262/ide/plugins/com.nxp.mcuxpresso.tools.win32_11.3.0.202008311133/tools/bin/../lib/gcc/arm-none-eabi/9.3.1/../../../../arm-none-eabi/lib/thumb/v7-m/nofp\libc.a(lib_a-mlock.o)
                0x00005684                __malloc_unlock
 .text._Balloc  0x00005690       0x4c c:/nxp/mcuxpressoide_11.3.1_5262/ide/plugins/com.nxp.mcuxpresso.tools.win32_11.3.0.202008311133/tools/bin/../lib/gcc/arm-none-eabi/9.3.1/../../../../arm-none-eabi/lib/thumb/v7-m/nofp\libc.a(lib_a-mprec.o)
                0x00005690                _Balloc
 .text._Bfree   0x000056dc       0x14 c:/nxp/mcuxpressoide_11.3.1_5262/ide/plugins/com.nxp.mcuxpresso.tools.win32_11.3.0.202008311133/tools/bin/../lib/gcc/arm-none-eabi/9.3.1/../../../../arm-none-eabi/lib/thumb/v7-m/nofp\libc.a(lib_a-mprec.o)
                0x000056dc                _Bfree
 .text.__multadd
                0x000056f0       0x9c c:/nxp/mcuxpressoide_11.3.1_5262/ide/plugins/com.nxp.mcuxpresso.tools.win32_11.3.0.202008311133/tools/bin/../lib/gcc/arm-none-eabi/9.3.1/../../../../arm-none-eabi/lib/thumb/v7-m/nofp\libc.a(lib_a-mprec.o)
                0x000056f0                __multadd
 .text.__hi0bits
                0x0000578c       0x40 c:/nxp/mcuxpressoide_11.3.1_5262/ide/plugins/com.nxp.mcuxpresso.tools.win32_11.3.0.202008311133/tools/bin/../lib/gcc/arm-none-eabi/9.3.1/../../../../arm-none-eabi/lib/thumb/v7-m/nofp\libc.a(lib_a-mprec.o)
                0x0000578c                __hi0bits
 .text.__lo0bits
                0x000057cc       0x60 c:/nxp/mcuxpressoide_11.3.1_5262/ide/plugins/com.nxp.mcuxpresso.tools.win32_11.3.0.202008311133/tools/bin/../lib/gcc/arm-none-eabi/9.3.1/../../../../arm-none-eabi/lib/thumb/v7-m/nofp\libc.a(lib_a-mprec.o)
                0x000057cc                __lo0bits
 .text.__i2b    0x0000582c       0x2c c:/nxp/mcuxpressoide_11.3.1_5262/ide/plugins/com.nxp.mcuxpresso.tools.win32_11.3.0.202008311133/tools/bin/../lib/gcc/arm-none-eabi/9.3.1/../../../../arm-none-eabi/lib/thumb/v7-m/nofp\libc.a(lib_a-mprec.o)
                0x0000582c                __i2b
 .text.__multiply
                0x00005858      0x160 c:/nxp/mcuxpressoide_11.3.1_5262/ide/plugins/com.nxp.mcuxpresso.tools.win32_11.3.0.202008311133/tools/bin/../lib/gcc/arm-none-eabi/9.3.1/../../../../arm-none-eabi/lib/thumb/v7-m/nofp\libc.a(lib_a-mprec.o)
                0x00005858                __multiply
 .text.__pow5mult
                0x000059b8       0x98 c:/nxp/mcuxpressoide_11.3.1_5262/ide/plugins/com.nxp.mcuxpresso.tools.win32_11.3.0.202008311133/tools/bin/../lib/gcc/arm-none-eabi/9.3.1/../../../../arm-none-eabi/lib/thumb/v7-m/nofp\libc.a(lib_a-mprec.o)
                0x000059b8                __pow5mult
 .text.__lshift
                0x00005a50       0xe8 c:/nxp/mcuxpressoide_11.3.1_5262/ide/plugins/com.nxp.mcuxpresso.tools.win32_11.3.0.202008311133/tools/bin/../lib/gcc/arm-none-eabi/9.3.1/../../../../arm-none-eabi/lib/thumb/v7-m/nofp\libc.a(lib_a-mprec.o)
                0x00005a50                __lshift
 .text.__mcmp   0x00005b38       0x3c c:/nxp/mcuxpressoide_11.3.1_5262/ide/plugins/com.nxp.mcuxpresso.tools.win32_11.3.0.202008311133/tools/bin/../lib/gcc/arm-none-eabi/9.3.1/../../../../arm-none-eabi/lib/thumb/v7-m/nofp\libc.a(lib_a-mprec.o)
                0x00005b38                __mcmp
 .text.__mdiff  0x00005b74      0x150 c:/nxp/mcuxpressoide_11.3.1_5262/ide/plugins/com.nxp.mcuxpresso.tools.win32_11.3.0.202008311133/tools/bin/../lib/gcc/arm-none-eabi/9.3.1/../../../../arm-none-eabi/lib/thumb/v7-m/nofp\libc.a(lib_a-mprec.o)
                0x00005b74                __mdiff
 .text.__d2b    0x00005cc4       0xc4 c:/nxp/mcuxpressoide_11.3.1_5262/ide/plugins/com.nxp.mcuxpresso.tools.win32_11.3.0.202008311133/tools/bin/../lib/gcc/arm-none-eabi/9.3.1/../../../../arm-none-eabi/lib/thumb/v7-m/nofp\libc.a(lib_a-mprec.o)
                0x00005cc4                __d2b
 .text.frexp    0x00005d88       0x70 c:/nxp/mcuxpressoide_11.3.1_5262/ide/plugins/com.nxp.mcuxpresso.tools.win32_11.3.0.202008311133/tools/bin/../lib/gcc/arm-none-eabi/9.3.1/../../../../arm-none-eabi/lib/thumb/v7-m/nofp\libc.a(lib_a-s_frexp.o)
                0x00005d88                frexp
 .text._sbrk_r  0x00005df8       0x24 c:/nxp/mcuxpressoide_11.3.1_5262/ide/plugins/com.nxp.mcuxpresso.tools.win32_11.3.0.202008311133/tools/bin/../lib/gcc/arm-none-eabi/9.3.1/../../../../arm-none-eabi/lib/thumb/v7-m/nofp\libc.a(lib_a-sbrkr.o)
                0x00005df8                _sbrk_r
 .text.__sread  0x00005e1c       0x24 c:/nxp/mcuxpressoide_11.3.1_5262/ide/plugins/com.nxp.mcuxpresso.tools.win32_11.3.0.202008311133/tools/bin/../lib/gcc/arm-none-eabi/9.3.1/../../../../arm-none-eabi/lib/thumb/v7-m/nofp\libc.a(lib_a-stdio.o)
                0x00005e1c                __sread
 .text.__swrite
                0x00005e40       0x40 c:/nxp/mcuxpressoide_11.3.1_5262/ide/plugins/com.nxp.mcuxpresso.tools.win32_11.3.0.202008311133/tools/bin/../lib/gcc/arm-none-eabi/9.3.1/../../../../arm-none-eabi/lib/thumb/v7-m/nofp\libc.a(lib_a-stdio.o)
                0x00005e40                __swrite
 .text.__sseek  0x00005e80       0x20 c:/nxp/mcuxpressoide_11.3.1_5262/ide/plugins/com.nxp.mcuxpresso.tools.win32_11.3.0.202008311133/tools/bin/../lib/gcc/arm-none-eabi/9.3.1/../../../../arm-none-eabi/lib/thumb/v7-m/nofp\libc.a(lib_a-stdio.o)
                0x00005e80                __sseek
 .text.__sclose
                0x00005ea0        0x8 c:/nxp/mcuxpressoide_11.3.1_5262/ide/plugins/com.nxp.mcuxpresso.tools.win32_11.3.0.202008311133/tools/bin/../lib/gcc/arm-none-eabi/9.3.1/../../../../arm-none-eabi/lib/thumb/v7-m/nofp\libc.a(lib_a-stdio.o)
                0x00005ea0                __sclose
 .text.strlen   0x00005ea8       0x5c c:/nxp/mcuxpressoide_11.3.1_5262/ide/plugins/com.nxp.mcuxpresso.tools.win32_11.3.0.202008311133/tools/bin/../lib/gcc/arm-none-eabi/9.3.1/../../../../arm-none-eabi/lib/thumb/v7-m/nofp\libc.a(lib_a-strlen-stub.o)
                0x00005ea8                strlen
 .text.strncpy  0x00005f04       0x68 c:/nxp/mcuxpressoide_11.3.1_5262/ide/plugins/com.nxp.mcuxpresso.tools.win32_11.3.0.202008311133/tools/bin/../lib/gcc/arm-none-eabi/9.3.1/../../../../arm-none-eabi/lib/thumb/v7-m/nofp\libc.a(lib_a-strncpy.o)
                0x00005f04                strncpy
 .text.__sprint_r.part.0
                0x00005f6c       0x78 c:/nxp/mcuxpressoide_11.3.1_5262/ide/plugins/com.nxp.mcuxpresso.tools.win32_11.3.0.202008311133/tools/bin/../lib/gcc/arm-none-eabi/9.3.1/../../../../arm-none-eabi/lib/thumb/v7-m/nofp\libc.a(lib_a-vfiprintf.o)
 .text.__sprint_r
                0x00005fe4       0x14 c:/nxp/mcuxpressoide_11.3.1_5262/ide/plugins/com.nxp.mcuxpresso.tools.win32_11.3.0.202008311133/tools/bin/../lib/gcc/arm-none-eabi/9.3.1/../../../../arm-none-eabi/lib/thumb/v7-m/nofp\libc.a(lib_a-vfiprintf.o)
                0x00005fe4                __sprint_r
 .text._vfiprintf_r
                0x00005ff8      0xd2c c:/nxp/mcuxpressoide_11.3.1_5262/ide/plugins/com.nxp.mcuxpresso.tools.win32_11.3.0.202008311133/tools/bin/../lib/gcc/arm-none-eabi/9.3.1/../../../../arm-none-eabi/lib/thumb/v7-m/nofp\libc.a(lib_a-vfiprintf.o)
                0x00005ff8                _vfiprintf_r
 .text.__sbprintf
                0x00006d24       0x88 c:/nxp/mcuxpressoide_11.3.1_5262/ide/plugins/com.nxp.mcuxpresso.tools.win32_11.3.0.202008311133/tools/bin/../lib/gcc/arm-none-eabi/9.3.1/../../../../arm-none-eabi/lib/thumb/v7-m/nofp\libc.a(lib_a-vfiprintf.o)
 .text._write_r
                0x00006dac       0x2c c:/nxp/mcuxpressoide_11.3.1_5262/ide/plugins/com.nxp.mcuxpresso.tools.win32_11.3.0.202008311133/tools/bin/../lib/gcc/arm-none-eabi/9.3.1/../../../../arm-none-eabi/lib/thumb/v7-m/nofp\libc.a(lib_a-writer.o)
                0x00006dac                _write_r
 .text.__assert_func
                0x00006dd8       0x3c c:/nxp/mcuxpressoide_11.3.1_5262/ide/plugins/com.nxp.mcuxpresso.tools.win32_11.3.0.202008311133/tools/bin/../lib/gcc/arm-none-eabi/9.3.1/../../../../arm-none-eabi/lib/thumb/v7-m/nofp\libc.a(lib_a-assert.o)
                0x00006dd8                __assert_func
 .text._calloc_r
                0x00006e14       0x60 c:/nxp/mcuxpressoide_11.3.1_5262/ide/plugins/com.nxp.mcuxpresso.tools.win32_11.3.0.202008311133/tools/bin/../lib/gcc/arm-none-eabi/9.3.1/../../../../arm-none-eabi/lib/thumb/v7-m/nofp\libc.a(lib_a-callocr.o)
                0x00006e14                _calloc_r
 .text._close_r
                0x00006e74       0x24 c:/nxp/mcuxpressoide_11.3.1_5262/ide/plugins/com.nxp.mcuxpresso.tools.win32_11.3.0.202008311133/tools/bin/../lib/gcc/arm-none-eabi/9.3.1/../../../../arm-none-eabi/lib/thumb/v7-m/nofp\libc.a(lib_a-closer.o)
                0x00006e74                _close_r
 .text._fclose_r
                0x00006e98       0xcc c:/nxp/mcuxpressoide_11.3.1_5262/ide/plugins/com.nxp.mcuxpresso.tools.win32_11.3.0.202008311133/tools/bin/../lib/gcc/arm-none-eabi/9.3.1/../../../../arm-none-eabi/lib/thumb/v7-m/nofp\libc.a(lib_a-fclose.o)
                0x00006e98                _fclose_r
 .text.fiprintf
                0x00006f64       0x28 c:/nxp/mcuxpressoide_11.3.1_5262/ide/plugins/com.nxp.mcuxpresso.tools.win32_11.3.0.202008311133/tools/bin/../lib/gcc/arm-none-eabi/9.3.1/../../../../arm-none-eabi/lib/thumb/v7-m/nofp\libc.a(lib_a-fiprintf.o)
                0x00006f64                fiprintf
 .text.__fputwc
                0x00006f8c       0xa0 c:/nxp/mcuxpressoide_11.3.1_5262/ide/plugins/com.nxp.mcuxpresso.tools.win32_11.3.0.202008311133/tools/bin/../lib/gcc/arm-none-eabi/9.3.1/../../../../arm-none-eabi/lib/thumb/v7-m/nofp\libc.a(lib_a-fputwc.o)
                0x00006f8c                __fputwc
 .text._fputwc_r
                0x0000702c       0x68 c:/nxp/mcuxpressoide_11.3.1_5262/ide/plugins/com.nxp.mcuxpresso.tools.win32_11.3.0.202008311133/tools/bin/../lib/gcc/arm-none-eabi/9.3.1/../../../../arm-none-eabi/lib/thumb/v7-m/nofp\libc.a(lib_a-fputwc.o)
                0x0000702c                _fputwc_r
 .text._fstat_r
                0x00007094       0x2c c:/nxp/mcuxpressoide_11.3.1_5262/ide/plugins/com.nxp.mcuxpresso.tools.win32_11.3.0.202008311133/tools/bin/../lib/gcc/arm-none-eabi/9.3.1/../../../../arm-none-eabi/lib/thumb/v7-m/nofp\libc.a(lib_a-fstatr.o)
                0x00007094                _fstat_r
 .text.__sfvwrite_r
                0x000070c0      0x2ec c:/nxp/mcuxpressoide_11.3.1_5262/ide/plugins/com.nxp.mcuxpresso.tools.win32_11.3.0.202008311133/tools/bin/../lib/gcc/arm-none-eabi/9.3.1/../../../../arm-none-eabi/lib/thumb/v7-m/nofp\libc.a(lib_a-fvwrite.o)
                0x000070c0                __sfvwrite_r
 .text._isatty_r
                0x000073ac       0x24 c:/nxp/mcuxpressoide_11.3.1_5262/ide/plugins/com.nxp.mcuxpresso.tools.win32_11.3.0.202008311133/tools/bin/../lib/gcc/arm-none-eabi/9.3.1/../../../../arm-none-eabi/lib/thumb/v7-m/nofp\libc.a(lib_a-isattyr.o)
                0x000073ac                _isatty_r
 .text.__locale_mb_cur_max
                0x000073d0        0xc c:/nxp/mcuxpressoide_11.3.1_5262/ide/plugins/com.nxp.mcuxpresso.tools.win32_11.3.0.202008311133/tools/bin/../lib/gcc/arm-none-eabi/9.3.1/../../../../arm-none-eabi/lib/thumb/v7-m/nofp\libc.a(lib_a-locale.o)
                0x000073d0                __locale_mb_cur_max
 .text._lseek_r
                0x000073dc       0x2c c:/nxp/mcuxpressoide_11.3.1_5262/ide/plugins/com.nxp.mcuxpresso.tools.win32_11.3.0.202008311133/tools/bin/../lib/gcc/arm-none-eabi/9.3.1/../../../../arm-none-eabi/lib/thumb/v7-m/nofp\libc.a(lib_a-lseekr.o)
                0x000073dc                _lseek_r
 .text.__ascii_mbtowc
                0x00007408       0x2c c:/nxp/mcuxpressoide_11.3.1_5262/ide/plugins/com.nxp.mcuxpresso.tools.win32_11.3.0.202008311133/tools/bin/../lib/gcc/arm-none-eabi/9.3.1/../../../../arm-none-eabi/lib/thumb/v7-m/nofp\libc.a(lib_a-mbtowc_r.o)
                0x00007408                __ascii_mbtowc
 .text.memmove  0x00007434       0xd4 c:/nxp/mcuxpressoide_11.3.1_5262/ide/plugins/com.nxp.mcuxpresso.tools.win32_11.3.0.202008311133/tools/bin/../lib/gcc/arm-none-eabi/9.3.1/../../../../arm-none-eabi/lib/thumb/v7-m/nofp\libc.a(lib_a-memmove.o)
                0x00007434                memmove
 .text._read_r  0x00007508       0x2c c:/nxp/mcuxpressoide_11.3.1_5262/ide/plugins/com.nxp.mcuxpresso.tools.win32_11.3.0.202008311133/tools/bin/../lib/gcc/arm-none-eabi/9.3.1/../../../../arm-none-eabi/lib/thumb/v7-m/nofp\libc.a(lib_a-readr.o)
                0x00007508                _read_r
 .text._realloc_r
                0x00007534      0x3e0 c:/nxp/mcuxpressoide_11.3.1_5262/ide/plugins/com.nxp.mcuxpresso.tools.win32_11.3.0.202008311133/tools/bin/../lib/gcc/arm-none-eabi/9.3.1/../../../../arm-none-eabi/lib/thumb/v7-m/nofp\libc.a(lib_a-reallocr.o)
                0x00007534                _realloc_r
 .text.__swbuf_r
                0x00007914       0xb0 c:/nxp/mcuxpressoide_11.3.1_5262/ide/plugins/com.nxp.mcuxpresso.tools.win32_11.3.0.202008311133/tools/bin/../lib/gcc/arm-none-eabi/9.3.1/../../../../arm-none-eabi/lib/thumb/v7-m/nofp\libc.a(lib_a-wbuf.o)
                0x00007914                __swbuf_r
 .text._wcrtomb_r
                0x000079c4       0x3c c:/nxp/mcuxpressoide_11.3.1_5262/ide/plugins/com.nxp.mcuxpresso.tools.win32_11.3.0.202008311133/tools/bin/../lib/gcc/arm-none-eabi/9.3.1/../../../../arm-none-eabi/lib/thumb/v7-m/nofp\libc.a(lib_a-wcrtomb.o)
                0x000079c4                _wcrtomb_r
 .text.__ascii_wctomb
                0x00007a00       0x1c c:/nxp/mcuxpressoide_11.3.1_5262/ide/plugins/com.nxp.mcuxpresso.tools.win32_11.3.0.202008311133/tools/bin/../lib/gcc/arm-none-eabi/9.3.1/../../../../arm-none-eabi/lib/thumb/v7-m/nofp\libc.a(lib_a-wctomb_r.o)
                0x00007a00                __ascii_wctomb
 .text.abort    0x00007a1c       0x10 c:/nxp/mcuxpressoide_11.3.1_5262/ide/plugins/com.nxp.mcuxpresso.tools.win32_11.3.0.202008311133/tools/bin/../lib/gcc/arm-none-eabi/9.3.1/../../../../arm-none-eabi/lib/thumb/v7-m/nofp\libc.a(lib_a-abort.o)
                0x00007a1c                abort
 .text._raise_r
                0x00007a2c       0x58 c:/nxp/mcuxpressoide_11.3.1_5262/ide/plugins/com.nxp.mcuxpresso.tools.win32_11.3.0.202008311133/tools/bin/../lib/gcc/arm-none-eabi/9.3.1/../../../../arm-none-eabi/lib/thumb/v7-m/nofp\libc.a(lib_a-signal.o)
                0x00007a2c                _raise_r
 .text.raise    0x00007a84       0x10 c:/nxp/mcuxpressoide_11.3.1_5262/ide/plugins/com.nxp.mcuxpresso.tools.win32_11.3.0.202008311133/tools/bin/../lib/gcc/arm-none-eabi/9.3.1/../../../../arm-none-eabi/lib/thumb/v7-m/nofp\libc.a(lib_a-signal.o)
                0x00007a84                raise
 .text._kill_r  0x00007a94       0x2c c:/nxp/mcuxpressoide_11.3.1_5262/ide/plugins/com.nxp.mcuxpresso.tools.win32_11.3.0.202008311133/tools/bin/../lib/gcc/arm-none-eabi/9.3.1/../../../../arm-none-eabi/lib/thumb/v7-m/nofp\libc.a(lib_a-signalr.o)
                0x00007a94                _kill_r
 .text._getpid_r
                0x00007ac0        0x4 c:/nxp/mcuxpressoide_11.3.1_5262/ide/plugins/com.nxp.mcuxpresso.tools.win32_11.3.0.202008311133/tools/bin/../lib/gcc/arm-none-eabi/9.3.1/../../../../arm-none-eabi/lib/thumb/v7-m/nofp\libc.a(lib_a-signalr.o)
                0x00007ac0                _getpid_r
 .text._sbrk    0x00007ac4       0x3c c:/nxp/mcuxpressoide_11.3.1_5262/ide/plugins/com.nxp.mcuxpresso.tools.win32_11.3.0.202008311133/tools/bin/../lib/gcc/arm-none-eabi/9.3.1/../../../../arm-none-eabi/lib/thumb/v7-m/nofp\libcr_newlib_semihost.a(_cr_sbrk.o)
                0x00007ac4                _sbrk
 .text._exit    0x00007b00        0x8 c:/nxp/mcuxpressoide_11.3.1_5262/ide/plugins/com.nxp.mcuxpresso.tools.win32_11.3.0.202008311133/tools/bin/../lib/gcc/arm-none-eabi/9.3.1/../../../../arm-none-eabi/lib/thumb/v7-m/nofp\libcr_newlib_semihost.a(_exit.o)
                0x00007b00                _exit
 .text._kill    0x00007b08       0x20 c:/nxp/mcuxpressoide_11.3.1_5262/ide/plugins/com.nxp.mcuxpresso.tools.win32_11.3.0.202008311133/tools/bin/../lib/gcc/arm-none-eabi/9.3.1/../../../../arm-none-eabi/lib/thumb/v7-m/nofp\libcr_newlib_semihost.a(_kill.o)
                0x00007b08                _kill
 .text.error    0x00007b28       0x1c c:/nxp/mcuxpressoide_11.3.1_5262/ide/plugins/com.nxp.mcuxpresso.tools.win32_11.3.0.202008311133/tools/bin/../lib/gcc/arm-none-eabi/9.3.1/../../../../arm-none-eabi/lib/thumb/v7-m/nofp\libcr_newlib_semihost.a(syscalls.o)
 .text.initialise_monitor_handles
                0x00007b44       0xac c:/nxp/mcuxpressoide_11.3.1_5262/ide/plugins/com.nxp.mcuxpresso.tools.win32_11.3.0.202008311133/tools/bin/../lib/gcc/arm-none-eabi/9.3.1/../../../../arm-none-eabi/lib/thumb/v7-m/nofp\libcr_newlib_semihost.a(syscalls.o)
 .text.findslot
                0x00007bf0       0x24 c:/nxp/mcuxpressoide_11.3.1_5262/ide/plugins/com.nxp.mcuxpresso.tools.win32_11.3.0.202008311133/tools/bin/../lib/gcc/arm-none-eabi/9.3.1/../../../../arm-none-eabi/lib/thumb/v7-m/nofp\libcr_newlib_semihost.a(syscalls.o)
 .text.checkerror
                0x00007c14       0x20 c:/nxp/mcuxpressoide_11.3.1_5262/ide/plugins/com.nxp.mcuxpresso.tools.win32_11.3.0.202008311133/tools/bin/../lib/gcc/arm-none-eabi/9.3.1/../../../../arm-none-eabi/lib/thumb/v7-m/nofp\libcr_newlib_semihost.a(syscalls.o)
 .text._swiread
                0x00007c34       0x20 c:/nxp/mcuxpressoide_11.3.1_5262/ide/plugins/com.nxp.mcuxpresso.tools.win32_11.3.0.202008311133/tools/bin/../lib/gcc/arm-none-eabi/9.3.1/../../../../arm-none-eabi/lib/thumb/v7-m/nofp\libcr_newlib_semihost.a(syscalls.o)
                0x00007c34                _swiread
 .text._read    0x00007c54       0x34 c:/nxp/mcuxpressoide_11.3.1_5262/ide/plugins/com.nxp.mcuxpresso.tools.win32_11.3.0.202008311133/tools/bin/../lib/gcc/arm-none-eabi/9.3.1/../../../../arm-none-eabi/lib/thumb/v7-m/nofp\libcr_newlib_semihost.a(syscalls.o)
                0x00007c54                _read
 .text._swilseek
                0x00007c88       0x78 c:/nxp/mcuxpressoide_11.3.1_5262/ide/plugins/com.nxp.mcuxpresso.tools.win32_11.3.0.202008311133/tools/bin/../lib/gcc/arm-none-eabi/9.3.1/../../../../arm-none-eabi/lib/thumb/v7-m/nofp\libcr_newlib_semihost.a(syscalls.o)
                0x00007c88                _swilseek
 .text._lseek   0x00007d00        0x4 c:/nxp/mcuxpressoide_11.3.1_5262/ide/plugins/com.nxp.mcuxpresso.tools.win32_11.3.0.202008311133/tools/bin/../lib/gcc/arm-none-eabi/9.3.1/../../../../arm-none-eabi/lib/thumb/v7-m/nofp\libcr_newlib_semihost.a(syscalls.o)
                0x00007d00                _lseek
 .text._swiwrite
                0x00007d04       0x20 c:/nxp/mcuxpressoide_11.3.1_5262/ide/plugins/com.nxp.mcuxpresso.tools.win32_11.3.0.202008311133/tools/bin/../lib/gcc/arm-none-eabi/9.3.1/../../../../arm-none-eabi/lib/thumb/v7-m/nofp\libcr_newlib_semihost.a(syscalls.o)
                0x00007d04                _swiwrite
 .text._write   0x00007d24       0x40 c:/nxp/mcuxpressoide_11.3.1_5262/ide/plugins/com.nxp.mcuxpresso.tools.win32_11.3.0.202008311133/tools/bin/../lib/gcc/arm-none-eabi/9.3.1/../../../../arm-none-eabi/lib/thumb/v7-m/nofp\libcr_newlib_semihost.a(syscalls.o)
                0x00007d24                _write
 .text._swiclose
                0x00007d64       0x1a c:/nxp/mcuxpressoide_11.3.1_5262/ide/plugins/com.nxp.mcuxpresso.tools.win32_11.3.0.202008311133/tools/bin/../lib/gcc/arm-none-eabi/9.3.1/../../../../arm-none-eabi/lib/thumb/v7-m/nofp\libcr_newlib_semihost.a(syscalls.o)
                0x00007d64                _swiclose
 *fill*         0x00007d7e        0x2 ff
 .text._close   0x00007d80       0x4c c:/nxp/mcuxpressoide_11.3.1_5262/ide/plugins/com.nxp.mcuxpresso.tools.win32_11.3.0.202008311133/tools/bin/../lib/gcc/arm-none-eabi/9.3.1/../../../../arm-none-eabi/lib/thumb/v7-m/nofp\libcr_newlib_semihost.a(syscalls.o)
                0x00007d80                _close
 .text._getpid  0x00007dcc        0x4 c:/nxp/mcuxpressoide_11.3.1_5262/ide/plugins/com.nxp.mcuxpresso.tools.win32_11.3.0.202008311133/tools/bin/../lib/gcc/arm-none-eabi/9.3.1/../../../../arm-none-eabi/lib/thumb/v7-m/nofp\libcr_newlib_semihost.a(syscalls.o)
                0x00007dcc                _getpid
 .text._swistat
                0x00007dd0       0x42 c:/nxp/mcuxpressoide_11.3.1_5262/ide/plugins/com.nxp.mcuxpresso.tools.win32_11.3.0.202008311133/tools/bin/../lib/gcc/arm-none-eabi/9.3.1/../../../../arm-none-eabi/lib/thumb/v7-m/nofp\libcr_newlib_semihost.a(syscalls.o)
                0x00007dd0                _swistat
 .text._fstat   0x00007e12       0x1c c:/nxp/mcuxpressoide_11.3.1_5262/ide/plugins/com.nxp.mcuxpresso.tools.win32_11.3.0.202008311133/tools/bin/../lib/gcc/arm-none-eabi/9.3.1/../../../../arm-none-eabi/lib/thumb/v7-m/nofp\libcr_newlib_semihost.a(syscalls.o)
                0x00007e12                _fstat
 .text._isatty  0x00007e2e       0x2a c:/nxp/mcuxpressoide_11.3.1_5262/ide/plugins/com.nxp.mcuxpresso.tools.win32_11.3.0.202008311133/tools/bin/../lib/gcc/arm-none-eabi/9.3.1/../../../../arm-none-eabi/lib/thumb/v7-m/nofp\libcr_newlib_semihost.a(syscalls.o)
                0x00007e2e                _isatty
 .text.__check_heap_overflow
                0x00007e58       0x14 c:/nxp/mcuxpressoide_11.3.1_5262/ide/plugins/com.nxp.mcuxpresso.tools.win32_11.3.0.202008311133/tools/bin/../lib/gcc/arm-none-eabi/9.3.1/../../../../arm-none-eabi/lib/thumb/v7-m/nofp\libcr_newlib_semihost.a(_cr_check_heap.o)
                0x00007e58                __check_heap_overflow
 .text          0x00007e6c      0x110 c:/nxp/mcuxpressoide_11.3.1_5262/ide/plugins/com.nxp.mcuxpresso.tools.win32_11.3.0.202008311133/tools/bin/../lib/gcc/arm-none-eabi/9.3.1/thumb/v7-m/nofp\libgcc.a(_arm_cmpdf2.o)
                0x00007e6c                __gtdf2
                0x00007e6c                __gedf2
                0x00007e74                __ltdf2
                0x00007e74                __ledf2
                0x00007e7c                __nedf2
                0x00007e7c                __eqdf2
                0x00007e7c                __cmpdf2
                0x00007ef8                __aeabi_cdrcmple
                0x00007f08                __aeabi_cdcmpeq
                0x00007f08                __aeabi_cdcmple
                0x00007f18                __aeabi_dcmpeq
                0x00007f2c                __aeabi_dcmplt
                0x00007f40                __aeabi_dcmple
                0x00007f54                __aeabi_dcmpge
                0x00007f68                __aeabi_dcmpgt
 .text          0x00007f7c       0x2c c:/nxp/mcuxpressoide_11.3.1_5262/ide/plugins/com.nxp.mcuxpresso.tools.win32_11.3.0.202008311133/tools/bin/../lib/gcc/arm-none-eabi/9.3.1/thumb/v7-m/nofp\libgcc.a(_arm_unorddf2.o)
                0x00007f7c                __unorddf2
                0x00007f7c                __aeabi_dcmpun
 .text          0x00007fa8       0x50 c:/nxp/mcuxpressoide_11.3.1_5262/ide/plugins/com.nxp.mcuxpresso.tools.win32_11.3.0.202008311133/tools/bin/../lib/gcc/arm-none-eabi/9.3.1/thumb/v7-m/nofp\libgcc.a(_arm_fixdfsi.o)
                0x00007fa8                __aeabi_d2iz
                0x00007fa8                __fixdfsi
 .text.__errno  0x00007ff8        0xc c:/nxp/mcuxpressoide_11.3.1_5262/ide/plugins/com.nxp.mcuxpresso.tools.win32_11.3.0.202008311133/tools/bin/../lib/gcc/arm-none-eabi/9.3.1/../../../../arm-none-eabi/lib/thumb/v7-m/nofp\libc.a(lib_a-errno.o)
                0x00007ff8                __errno
 *(.rodata .rodata.* .constdata .constdata.*)
 .rodata.str1.4
                0x00008004       0xe2 ./src/main.o
 *fill*         0x000080e6        0x2 ff
 .rodata.str1.4
                0x000080e8       0x11 ./MCU/src/lpc17xx_timer.o
 *fill*         0x000080f9        0x3 ff
 .rodata._vfprintf_r.str1.4
                0x000080fc       0x42 c:/nxp/mcuxpressoide_11.3.1_5262/ide/plugins/com.nxp.mcuxpresso.tools.win32_11.3.0.202008311133/tools/bin/../lib/gcc/arm-none-eabi/9.3.1/../../../../arm-none-eabi/lib/thumb/v7-m/nofp\libc.a(lib_a-vfprintf.o)
 *fill*         0x0000813e        0x2 ff
 .rodata.blanks.7350
                0x00008140       0x10 c:/nxp/mcuxpressoide_11.3.1_5262/ide/plugins/com.nxp.mcuxpresso.tools.win32_11.3.0.202008311133/tools/bin/../lib/gcc/arm-none-eabi/9.3.1/../../../../arm-none-eabi/lib/thumb/v7-m/nofp\libc.a(lib_a-vfprintf.o)
 .rodata.zeroes.7351
                0x00008150       0x10 c:/nxp/mcuxpressoide_11.3.1_5262/ide/plugins/com.nxp.mcuxpresso.tools.win32_11.3.0.202008311133/tools/bin/../lib/gcc/arm-none-eabi/9.3.1/../../../../arm-none-eabi/lib/thumb/v7-m/nofp\libc.a(lib_a-vfprintf.o)
 .rodata._dtoa_r.str1.4
                0x00008160       0xa0 c:/nxp/mcuxpressoide_11.3.1_5262/ide/plugins/com.nxp.mcuxpresso.tools.win32_11.3.0.202008311133/tools/bin/../lib/gcc/arm-none-eabi/9.3.1/../../../../arm-none-eabi/lib/thumb/v7-m/nofp\libc.a(lib_a-dtoa.o)
                                 0xa4 (size before relaxing)
 .rodata.__multadd.str1.4
                0x00008200       0x7d c:/nxp/mcuxpressoide_11.3.1_5262/ide/plugins/com.nxp.mcuxpresso.tools.win32_11.3.0.202008311133/tools/bin/../lib/gcc/arm-none-eabi/9.3.1/../../../../arm-none-eabi/lib/thumb/v7-m/nofp\libc.a(lib_a-mprec.o)
                                 0x91 (size before relaxing)
 *fill*         0x0000827d        0x3 ff
 .rodata.__mprec_bigtens
                0x00008280       0x28 c:/nxp/mcuxpressoide_11.3.1_5262/ide/plugins/com.nxp.mcuxpresso.tools.win32_11.3.0.202008311133/tools/bin/../lib/gcc/arm-none-eabi/9.3.1/../../../../arm-none-eabi/lib/thumb/v7-m/nofp\libc.a(lib_a-mprec.o)
                0x00008280                __mprec_bigtens
 .rodata.__mprec_tens
                0x000082a8       0xc8 c:/nxp/mcuxpressoide_11.3.1_5262/ide/plugins/com.nxp.mcuxpresso.tools.win32_11.3.0.202008311133/tools/bin/../lib/gcc/arm-none-eabi/9.3.1/../../../../arm-none-eabi/lib/thumb/v7-m/nofp\libc.a(lib_a-mprec.o)
                0x000082a8                __mprec_tens
 .rodata.p05.6122
                0x00008370        0xc c:/nxp/mcuxpressoide_11.3.1_5262/ide/plugins/com.nxp.mcuxpresso.tools.win32_11.3.0.202008311133/tools/bin/../lib/gcc/arm-none-eabi/9.3.1/../../../../arm-none-eabi/lib/thumb/v7-m/nofp\libc.a(lib_a-mprec.o)
 .rodata._vfiprintf_r.str1.4
                0x0000837c       0x2f c:/nxp/mcuxpressoide_11.3.1_5262/ide/plugins/com.nxp.mcuxpresso.tools.win32_11.3.0.202008311133/tools/bin/../lib/gcc/arm-none-eabi/9.3.1/../../../../arm-none-eabi/lib/thumb/v7-m/nofp\libc.a(lib_a-vfiprintf.o)
 .rodata.blanks.7328
                0x0000837c       0x10 c:/nxp/mcuxpressoide_11.3.1_5262/ide/plugins/com.nxp.mcuxpresso.tools.win32_11.3.0.202008311133/tools/bin/../lib/gcc/arm-none-eabi/9.3.1/../../../../arm-none-eabi/lib/thumb/v7-m/nofp\libc.a(lib_a-vfiprintf.o)
 .rodata.zeroes.7329
                0x0000838c       0x10 c:/nxp/mcuxpressoide_11.3.1_5262/ide/plugins/com.nxp.mcuxpresso.tools.win32_11.3.0.202008311133/tools/bin/../lib/gcc/arm-none-eabi/9.3.1/../../../../arm-none-eabi/lib/thumb/v7-m/nofp\libc.a(lib_a-vfiprintf.o)
 .rodata.__assert_func.str1.4
                0x0000839c       0x3f c:/nxp/mcuxpressoide_11.3.1_5262/ide/plugins/com.nxp.mcuxpresso.tools.win32_11.3.0.202008311133/tools/bin/../lib/gcc/arm-none-eabi/9.3.1/../../../../arm-none-eabi/lib/thumb/v7-m/nofp\libc.a(lib_a-assert.o)
                                 0x43 (size before relaxing)
 *fill*         0x000083db        0x1 ff
 .rodata._setlocale_r.str1.4
                0x000083dc        0xa c:/nxp/mcuxpressoide_11.3.1_5262/ide/plugins/com.nxp.mcuxpresso.tools.win32_11.3.0.202008311133/tools/bin/../lib/gcc/arm-none-eabi/9.3.1/../../../../arm-none-eabi/lib/thumb/v7-m/nofp\libc.a(lib_a-locale.o)
                                  0xd (size before relaxing)
 *fill*         0x000083e6        0x2 ff
 .rodata.str1.4
                0x000083e8        0x2 c:/nxp/mcuxpressoide_11.3.1_5262/ide/plugins/com.nxp.mcuxpresso.tools.win32_11.3.0.202008311133/tools/bin/../lib/gcc/arm-none-eabi/9.3.1/../../../../arm-none-eabi/lib/thumb/v7-m/nofp\libc.a(lib_a-locale.o)
 *fill*         0x000083ea        0x2 ff
 .rodata._ctype_
                0x000083ec      0x101 c:/nxp/mcuxpressoide_11.3.1_5262/ide/plugins/com.nxp.mcuxpresso.tools.win32_11.3.0.202008311133/tools/bin/../lib/gcc/arm-none-eabi/9.3.1/../../../../arm-none-eabi/lib/thumb/v7-m/nofp\libc.a(lib_a-ctype_.o)
                0x000083ec                _ctype_
 .rodata.initialise_monitor_handles.str1.1
                0x000084ed        0x4 c:/nxp/mcuxpressoide_11.3.1_5262/ide/plugins/com.nxp.mcuxpresso.tools.win32_11.3.0.202008311133/tools/bin/../lib/gcc/arm-none-eabi/9.3.1/../../../../arm-none-eabi/lib/thumb/v7-m/nofp\libcr_newlib_semihost.a(syscalls.o)
                0x000084f4                . = ALIGN (0x4)
 *fill*         0x000084f1        0x3 ff

.glue_7         0x000084f4        0x0
 .glue_7        0x000084f4        0x0 linker stubs

.glue_7t        0x000084f4        0x0
 .glue_7t       0x000084f4        0x0 linker stubs

.vfp11_veneer   0x000084f4        0x0
 .vfp11_veneer  0x000084f4        0x0 linker stubs

.v4_bx          0x000084f4        0x0
 .v4_bx         0x000084f4        0x0 linker stubs

.iplt           0x000084f4        0x0
 .iplt          0x000084f4        0x0 ./src/cr_startup_lpc17.o

.ARM.extab
 *(.ARM.extab* .gnu.linkonce.armextab.*)

.ARM.exidx      0x000084f4        0x8
                0x000084f4                __exidx_start = .
 *(.ARM.exidx* .gnu.linkonce.armexidx.*)
 .ARM.exidx     0x000084f4        0x8 c:/nxp/mcuxpressoide_11.3.1_5262/ide/plugins/com.nxp.mcuxpresso.tools.win32_11.3.0.202008311133/tools/bin/../lib/gcc/arm-none-eabi/9.3.1/thumb/v7-m/nofp\libgcc.a(_udivmoddi4.o)
                0x000084fc                __exidx_end = .
                0x000084fc                _etext = .

.rel.dyn        0x000084fc        0x0
 .rel.iplt      0x000084fc        0x0 ./src/cr_startup_lpc17.o

.data_RAM2      0x2007c000        0x0 load address 0x000084fc
 FILL mask 0xff
                [!provide]                PROVIDE (__start_data_RAM2 = .)
                [!provide]                PROVIDE (__start_data_RamAHB32 = .)
 *(.ramfunc.$RAM2)
 *(.ramfunc.$RamAHB32)
 *(.data.$RAM2)
 *(.data.$RamAHB32)
 *(.data.$RAM2.*)
 *(.data.$RamAHB32.*)
                0x2007c000                . = ALIGN (0x4)
                [!provide]                PROVIDE (__end_data_RAM2 = .)
                [!provide]                PROVIDE (__end_data_RamAHB32 = .)

.uninit_RESERVED
                0x10000000        0x0
                0x10000000                _start_uninit_RESERVED = .
 *(.bss.$RESERVED*)
                0x10000000                . = ALIGN (0x4)
                0x10000000                _end_uninit_RESERVED = .

.data           0x10000000      0x9ac load address 0x000084fc
 FILL mask 0xff
                0x10000000                _data = .
                [!provide]                PROVIDE (__start_data_RAM = .)
                [!provide]                PROVIDE (__start_data_RamLoc32 = .)
 *(vtable)
 *(.ramfunc*)
 *(CodeQuickAccess)
 *(DataQuickAccess)
 *(RamFunction)
 *(.data*)
 .data          0x10000000        0x4 ./CMSIS/src/system_LPC17xx.o
                0x10000000                SystemCoreClock
 .data._impure_ptr
                0x10000004        0x4 c:/nxp/mcuxpressoide_11.3.1_5262/ide/plugins/com.nxp.mcuxpresso.tools.win32_11.3.0.202008311133/tools/bin/../lib/gcc/arm-none-eabi/9.3.1/../../../../arm-none-eabi/lib/thumb/v7-m/nofp\libc.a(lib_a-impure.o)
                0x10000004                _impure_ptr
 .data.impure_data
                0x10000008      0x428 c:/nxp/mcuxpressoide_11.3.1_5262/ide/plugins/com.nxp.mcuxpresso.tools.win32_11.3.0.202008311133/tools/bin/../lib/gcc/arm-none-eabi/9.3.1/../../../../arm-none-eabi/lib/thumb/v7-m/nofp\libc.a(lib_a-impure.o)
 .data.__malloc_av_
                0x10000430      0x408 c:/nxp/mcuxpressoide_11.3.1_5262/ide/plugins/com.nxp.mcuxpresso.tools.win32_11.3.0.202008311133/tools/bin/../lib/gcc/arm-none-eabi/9.3.1/../../../../arm-none-eabi/lib/thumb/v7-m/nofp\libc.a(lib_a-mallocr.o)
                0x10000430                __malloc_av_
 .data.__malloc_sbrk_base
                0x10000838        0x4 c:/nxp/mcuxpressoide_11.3.1_5262/ide/plugins/com.nxp.mcuxpresso.tools.win32_11.3.0.202008311133/tools/bin/../lib/gcc/arm-none-eabi/9.3.1/../../../../arm-none-eabi/lib/thumb/v7-m/nofp\libc.a(lib_a-mallocr.o)
                0x10000838                __malloc_sbrk_base
 .data.__malloc_trim_threshold
                0x1000083c        0x4 c:/nxp/mcuxpressoide_11.3.1_5262/ide/plugins/com.nxp.mcuxpresso.tools.win32_11.3.0.202008311133/tools/bin/../lib/gcc/arm-none-eabi/9.3.1/../../../../arm-none-eabi/lib/thumb/v7-m/nofp\libc.a(lib_a-mallocr.o)
                0x1000083c                __malloc_trim_threshold
 .data.__global_locale
                0x10000840      0x16c c:/nxp/mcuxpressoide_11.3.1_5262/ide/plugins/com.nxp.mcuxpresso.tools.win32_11.3.0.202008311133/tools/bin/../lib/gcc/arm-none-eabi/9.3.1/../../../../arm-none-eabi/lib/thumb/v7-m/nofp\libc.a(lib_a-locale.o)
                0x10000840                __global_locale
                0x100009ac                . = ALIGN (0x4)
                0x100009ac                _edata = .
                [!provide]                PROVIDE (__end_data_RAM = .)
                [!provide]                PROVIDE (__end_data_RamLoc32 = .)

.igot.plt       0x100009ac        0x0 load address 0x00008ea8
 .igot.plt      0x100009ac        0x0 ./src/cr_startup_lpc17.o

.bss_RAM2       0x2007c000        0x0
                [!provide]                PROVIDE (__start_bss_RAM2 = .)
                [!provide]                PROVIDE (__start_bss_RamAHB32 = .)
 *(.bss.$RAM2)
 *(.bss.$RamAHB32)
 *(.bss.$RAM2.*)
 *(.bss.$RamAHB32.*)
                0x2007c000                . = ALIGN ((. != 0x0)?0x4:0x1)
                [!provide]                PROVIDE (__end_bss_RAM2 = .)
                [!provide]                PROVIDE (__end_bss_RamAHB32 = .)

.bss            0x100009ac       0x9c
                0x100009ac                _bss = .
                [!provide]                PROVIDE (__start_bss_RAM = .)
                [!provide]                PROVIDE (__start_bss_RamLoc32 = .)
 *(.bss*)
 .bss.__malloc_current_mallinfo
                0x100009ac       0x28 c:/nxp/mcuxpressoide_11.3.1_5262/ide/plugins/com.nxp.mcuxpresso.tools.win32_11.3.0.202008311133/tools/bin/../lib/gcc/arm-none-eabi/9.3.1/../../../../arm-none-eabi/lib/thumb/v7-m/nofp\libc.a(lib_a-mallocr.o)
                0x100009ac                __malloc_current_mallinfo
 .bss.__malloc_max_sbrked_mem
                0x100009d4        0x4 c:/nxp/mcuxpressoide_11.3.1_5262/ide/plugins/com.nxp.mcuxpresso.tools.win32_11.3.0.202008311133/tools/bin/../lib/gcc/arm-none-eabi/9.3.1/../../../../arm-none-eabi/lib/thumb/v7-m/nofp\libc.a(lib_a-mallocr.o)
                0x100009d4                __malloc_max_sbrked_mem
 .bss.__malloc_max_total_mem
                0x100009d8        0x4 c:/nxp/mcuxpressoide_11.3.1_5262/ide/plugins/com.nxp.mcuxpresso.tools.win32_11.3.0.202008311133/tools/bin/../lib/gcc/arm-none-eabi/9.3.1/../../../../arm-none-eabi/lib/thumb/v7-m/nofp\libc.a(lib_a-mallocr.o)
                0x100009d8                __malloc_max_total_mem
 .bss.__malloc_top_pad
                0x100009dc        0x4 c:/nxp/mcuxpressoide_11.3.1_5262/ide/plugins/com.nxp.mcuxpresso.tools.win32_11.3.0.202008311133/tools/bin/../lib/gcc/arm-none-eabi/9.3.1/../../../../arm-none-eabi/lib/thumb/v7-m/nofp\libc.a(lib_a-mallocr.o)
                0x100009dc                __malloc_top_pad
 .bss.__end_of_heap
                0x100009e0        0x4 c:/nxp/mcuxpressoide_11.3.1_5262/ide/plugins/com.nxp.mcuxpresso.tools.win32_11.3.0.202008311133/tools/bin/../lib/gcc/arm-none-eabi/9.3.1/../../../../arm-none-eabi/lib/thumb/v7-m/nofp\libcr_newlib_semihost.a(_cr_sbrk.o)
                0x100009e0                __end_of_heap
 .bss.initialized.5713
                0x100009e4        0x4 c:/nxp/mcuxpressoide_11.3.1_5262/ide/plugins/com.nxp.mcuxpresso.tools.win32_11.3.0.202008311133/tools/bin/../lib/gcc/arm-none-eabi/9.3.1/../../../../arm-none-eabi/lib/thumb/v7-m/nofp\libcr_newlib_semihost.a(syscalls.o)
 .bss.monitor_stderr
                0x100009e8        0x4 c:/nxp/mcuxpressoide_11.3.1_5262/ide/plugins/com.nxp.mcuxpresso.tools.win32_11.3.0.202008311133/tools/bin/../lib/gcc/arm-none-eabi/9.3.1/../../../../arm-none-eabi/lib/thumb/v7-m/nofp\libcr_newlib_semihost.a(syscalls.o)
 .bss.monitor_stdin
                0x100009ec        0x4 c:/nxp/mcuxpressoide_11.3.1_5262/ide/plugins/com.nxp.mcuxpresso.tools.win32_11.3.0.202008311133/tools/bin/../lib/gcc/arm-none-eabi/9.3.1/../../../../arm-none-eabi/lib/thumb/v7-m/nofp\libcr_newlib_semihost.a(syscalls.o)
 .bss.monitor_stdout
                0x100009f0        0x4 c:/nxp/mcuxpressoide_11.3.1_5262/ide/plugins/com.nxp.mcuxpresso.tools.win32_11.3.0.202008311133/tools/bin/../lib/gcc/arm-none-eabi/9.3.1/../../../../arm-none-eabi/lib/thumb/v7-m/nofp\libcr_newlib_semihost.a(syscalls.o)
 .bss.openfiles
                0x100009f4       0x28 c:/nxp/mcuxpressoide_11.3.1_5262/ide/plugins/com.nxp.mcuxpresso.tools.win32_11.3.0.202008311133/tools/bin/../lib/gcc/arm-none-eabi/9.3.1/../../../../arm-none-eabi/lib/thumb/v7-m/nofp\libcr_newlib_semihost.a(syscalls.o)
 *(COMMON)
 COMMON         0x10000a1c        0x4 ./src/irq.o
                0x10000a1c                Relative_Time_Tick
 COMMON         0x10000a20       0x21 c:/nxp/mcuxpressoide_11.3.1_5262/ide/plugins/com.nxp.mcuxpresso.tools.win32_11.3.0.202008311133/tools/bin/../lib/gcc/arm-none-eabi/9.3.1/../../../../arm-none-eabi/lib/thumb/v7-m/nofp\libc.a(lib_a-lock.o)
                0x10000a20                __lock___atexit_recursive_mutex
                0x10000a24                __lock___arc4random_mutex
                0x10000a28                __lock___env_recursive_mutex
                0x10000a2c                __lock___sinit_recursive_mutex
                0x10000a30                __lock___malloc_recursive_mutex
                0x10000a34                __lock___at_quick_exit_mutex
                0x10000a38                __lock___dd_hash_mutex
                0x10000a3c                __lock___tz_mutex
                0x10000a40                __lock___sfp_recursive_mutex
 *fill*         0x10000a41        0x3 
 COMMON         0x10000a44        0x4 c:/nxp/mcuxpressoide_11.3.1_5262/ide/plugins/com.nxp.mcuxpresso.tools.win32_11.3.0.202008311133/tools/bin/../lib/gcc/arm-none-eabi/9.3.1/../../../../arm-none-eabi/lib/thumb/v7-m/nofp\libc.a(lib_a-reent.o)
                0x10000a44                errno
                0x10000a48                . = ALIGN (0x4)
                0x10000a48                _ebss = .
                [!provide]                PROVIDE (__end_bss_RAM = .)
                [!provide]                PROVIDE (__end_bss_RamLoc32 = .)
                [!provide]                PROVIDE (end = .)

.noinit_RAM2    0x2007c000        0x0
                [!provide]                PROVIDE (__start_noinit_RAM2 = .)
                [!provide]                PROVIDE (__start_noinit_RamAHB32 = .)
 *(.noinit.$RAM2)
 *(.noinit.$RamAHB32)
 *(.noinit.$RAM2.*)
 *(.noinit.$RamAHB32.*)
                0x2007c000                . = ALIGN (0x4)
                [!provide]                PROVIDE (__end_noinit_RAM2 = .)
                [!provide]                PROVIDE (__end_noinit_RamAHB32 = .)

.noinit         0x10000a48        0x0
                0x10000a48                _noinit = .
                [!provide]                PROVIDE (__start_noinit_RAM = .)
                [!provide]                PROVIDE (__start_noinit_RamLoc32 = .)
 *(.noinit*)
                0x10000a48                . = ALIGN (0x4)
                0x10000a48                _end_noinit = .
                [!provide]                PROVIDE (__end_noinit_RAM = .)
                [!provide]                PROVIDE (__end_noinit_RamLoc32 = .)
                0x10000a48                PROVIDE (_pvHeapStart = DEFINED (__user_heap_base)?__user_heap_base:.)
                0x10008000                PROVIDE (_vStackTop = DEFINED (__user_stack_top)?__user_stack_top:(__top_RamLoc32 - 0x0))
                [!provide]                PROVIDE (__valid_user_code_checksum = (0x0 - ((((((_vStackTop + (ResetISR + 0x1)) + (NMI_Handler + 0x1)) + (HardFault_Handler + 0x1)) + (DEFINED (MemManage_Handler)?MemManage_Handler:0x0 + 0x1)) + (DEFINED (BusFault_Handler)?BusFault_Handler:0x0 + 0x1)) + (DEFINED (UsageFault_Handler)?UsageFault_Handler:0x0 + 0x1))))
                0x00000000                _image_start = LOADADDR (.text)
                0x00008ea8                _image_end = (LOADADDR (.data) + SIZEOF (.data))
                0x00008ea8                _image_size = (_image_end - _image_start)
OUTPUT(MiniDemo1768.axf elf32-littlearm)
LOAD linker stubs

.debug_info     0x00000000     0x3b51
 .debug_info    0x00000000      0x1fe ./src/cr_startup_lpc17.o
 .debug_info    0x000001fe      0x242 ./src/irq.o
 .debug_info    0x00000440     0x11db ./src/main.o
 .debug_info    0x0000161b      0x60a ./MCU/src/lpc17xx_clkpwr.o
 .debug_info    0x00001c25      0xe06 ./MCU/src/lpc17xx_gpio.o
 .debug_info    0x00002a2b      0x4ad ./MCU/src/lpc17xx_pinsel.o
 .debug_info    0x00002ed8      0x960 ./MCU/src/lpc17xx_timer.o
 .debug_info    0x00003838      0x319 ./CMSIS/src/system_LPC17xx.o

.debug_abbrev   0x00000000      0xe47
 .debug_abbrev  0x00000000       0xc8 ./src/cr_startup_lpc17.o
 .debug_abbrev  0x000000c8      0x125 ./src/irq.o
 .debug_abbrev  0x000001ed      0x331 ./src/main.o
 .debug_abbrev  0x0000051e      0x1e8 ./MCU/src/lpc17xx_clkpwr.o
 .debug_abbrev  0x00000706      0x25f ./MCU/src/lpc17xx_gpio.o
 .debug_abbrev  0x00000965      0x18a ./MCU/src/lpc17xx_pinsel.o
 .debug_abbrev  0x00000aef      0x251 ./MCU/src/lpc17xx_timer.o
 .debug_abbrev  0x00000d40      0x107 ./CMSIS/src/system_LPC17xx.o

.debug_aranges  0x00000000      0x368
 .debug_aranges
                0x00000000       0x70 ./src/cr_startup_lpc17.o
 .debug_aranges
                0x00000070       0x28 ./src/irq.o
 .debug_aranges
                0x00000098       0x60 ./src/main.o
 .debug_aranges
                0x000000f8       0x60 ./MCU/src/lpc17xx_clkpwr.o
 .debug_aranges
                0x00000158       0xf8 ./MCU/src/lpc17xx_gpio.o
 .debug_aranges
                0x00000250       0x48 ./MCU/src/lpc17xx_pinsel.o
 .debug_aranges
                0x00000298       0xa8 ./MCU/src/lpc17xx_timer.o
 .debug_aranges
                0x00000340       0x28 ./CMSIS/src/system_LPC17xx.o

.debug_ranges   0x00000000      0x2e8
 .debug_ranges  0x00000000       0x60 ./src/cr_startup_lpc17.o
 .debug_ranges  0x00000060       0x18 ./src/irq.o
 .debug_ranges  0x00000078       0x50 ./src/main.o
 .debug_ranges  0x000000c8       0x50 ./MCU/src/lpc17xx_clkpwr.o
 .debug_ranges  0x00000118       0xe8 ./MCU/src/lpc17xx_gpio.o
 .debug_ranges  0x00000200       0x38 ./MCU/src/lpc17xx_pinsel.o
 .debug_ranges  0x00000238       0x98 ./MCU/src/lpc17xx_timer.o
 .debug_ranges  0x000002d0       0x18 ./CMSIS/src/system_LPC17xx.o

.debug_macro    0x00000000     0x3e3d
 .debug_macro   0x00000000       0x79 ./src/cr_startup_lpc17.o
 .debug_macro   0x00000079      0xaae ./src/cr_startup_lpc17.o
 .debug_macro   0x00000b27       0x22 ./src/cr_startup_lpc17.o
 .debug_macro   0x00000b49       0x56 ./src/cr_startup_lpc17.o
 .debug_macro   0x00000b9f       0x51 ./src/cr_startup_lpc17.o
 .debug_macro   0x00000bf0      0x103 ./src/cr_startup_lpc17.o
 .debug_macro   0x00000cf3       0x6a ./src/cr_startup_lpc17.o
 .debug_macro   0x00000d5d      0x1df ./src/cr_startup_lpc17.o
 .debug_macro   0x00000f3c       0xc7 ./src/irq.o
 .debug_macro   0x00001003       0x1c ./src/irq.o
 .debug_macro   0x0000101f       0x1c ./src/irq.o
 .debug_macro   0x0000103b      0x7b7 ./src/irq.o
 .debug_macro   0x000017f2      0x2c7 ./src/irq.o
 .debug_macro   0x00001ab9       0x64 ./src/irq.o
 .debug_macro   0x00001b1d       0xe7 ./src/irq.o
 .debug_macro   0x00001c04       0x46 ./src/irq.o
 .debug_macro   0x00001c4a       0x4c ./src/irq.o
 .debug_macro   0x00001c96      0x1d0 ./src/main.o
 .debug_macro   0x00001e66      0x7cf ./src/main.o
 .debug_macro   0x00002635      0x140 ./src/main.o
 .debug_macro   0x00002775       0xed ./src/main.o
 .debug_macro   0x00002862      0x2fa ./src/main.o
 .debug_macro   0x00002b5c       0x10 ./src/main.o
 .debug_macro   0x00002b6c       0x64 ./src/main.o
 .debug_macro   0x00002bd0       0x18 ./src/main.o
 .debug_macro   0x00002be8       0x35 ./src/main.o
 .debug_macro   0x00002c1d       0x34 ./src/main.o
 .debug_macro   0x00002c51       0x16 ./src/main.o
 .debug_macro   0x00002c67       0x97 ./src/main.o
 .debug_macro   0x00002cfe      0x339 ./src/main.o
 .debug_macro   0x00003037       0xfd ./src/main.o
 .debug_macro   0x00003134       0x10 ./src/main.o
 .debug_macro   0x00003144       0x16 ./src/main.o
 .debug_macro   0x0000315a       0x43 ./src/main.o
 .debug_macro   0x0000319d       0x34 ./src/main.o
 .debug_macro   0x000031d1       0x10 ./src/main.o
 .debug_macro   0x000031e1       0x58 ./src/main.o
 .debug_macro   0x00003239      0x182 ./src/main.o
 .debug_macro   0x000033bb       0xbe ./src/main.o
 .debug_macro   0x00003479       0x16 ./src/main.o
 .debug_macro   0x0000348f      0x129 ./src/main.o
 .debug_macro   0x000035b8       0xab ./MCU/src/lpc17xx_clkpwr.o
 .debug_macro   0x00003663      0x2f4 ./MCU/src/lpc17xx_clkpwr.o
 .debug_macro   0x00003957       0xab ./MCU/src/lpc17xx_gpio.o
 .debug_macro   0x00003a02       0x40 ./MCU/src/lpc17xx_gpio.o
 .debug_macro   0x00003a42       0xab ./MCU/src/lpc17xx_pinsel.o
 .debug_macro   0x00003aed       0xc6 ./MCU/src/lpc17xx_timer.o
 .debug_macro   0x00003bb3      0x146 ./MCU/src/lpc17xx_timer.o
 .debug_macro   0x00003cf9      0x144 ./CMSIS/src/system_LPC17xx.o

.debug_line     0x00000000     0x2d40
 .debug_line    0x00000000      0x419 ./src/cr_startup_lpc17.o
 .debug_line    0x00000419      0x394 ./src/irq.o
 .debug_line    0x000007ad      0x5f9 ./src/main.o
 .debug_line    0x00000da6      0x4da ./MCU/src/lpc17xx_clkpwr.o
 .debug_line    0x00001280      0x81c ./MCU/src/lpc17xx_gpio.o
 .debug_line    0x00001a9c      0x455 ./MCU/src/lpc17xx_pinsel.o
 .debug_line    0x00001ef1      0x949 ./MCU/src/lpc17xx_timer.o
 .debug_line    0x0000283a      0x506 ./CMSIS/src/system_LPC17xx.o

.debug_str      0x00000000     0xe820
 .debug_str     0x00000000     0x3c2e ./src/cr_startup_lpc17.o
                               0x3d97 (size before relaxing)
 .debug_str     0x00003c2e     0x4d00 ./src/irq.o
                               0x895c (size before relaxing)
 .debug_str     0x0000892e     0x512e ./src/main.o
                               0xdaeb (size before relaxing)
 .debug_str     0x0000da5c      0x1dd ./MCU/src/lpc17xx_clkpwr.o
                               0x9230 (size before relaxing)
 .debug_str     0x0000dc39      0x433 ./MCU/src/lpc17xx_gpio.o
                               0x845d (size before relaxing)
 .debug_str     0x0000e06c      0x206 ./MCU/src/lpc17xx_pinsel.o
                               0x84d1 (size before relaxing)
 .debug_str     0x0000e272      0x2c8 ./MCU/src/lpc17xx_timer.o
                               0xa154 (size before relaxing)
 .debug_str     0x0000e53a      0x2e6 ./CMSIS/src/system_LPC17xx.o
                               0x801c (size before relaxing)

.comment        0x00000000       0x4c
 .comment       0x00000000       0x4c ./src/cr_startup_lpc17.o
                                 0x4d (size before relaxing)
 .comment       0x0000004c       0x4d ./src/irq.o
 .comment       0x0000004c       0x4d ./src/main.o
 .comment       0x0000004c       0x4d ./MCU/src/lpc17xx_clkpwr.o
 .comment       0x0000004c       0x4d ./MCU/src/lpc17xx_gpio.o
 .comment       0x0000004c       0x4d ./MCU/src/lpc17xx_pinsel.o
 .comment       0x0000004c       0x4d ./MCU/src/lpc17xx_timer.o
 .comment       0x0000004c       0x4d ./CMSIS/src/system_LPC17xx.o
 .comment       0x0000004c       0x4d c:/nxp/mcuxpressoide_11.3.1_5262/ide/plugins/com.nxp.mcuxpresso.tools.win32_11.3.0.202008311133/tools/bin/../lib/gcc/arm-none-eabi/9.3.1/../../../../arm-none-eabi/lib/thumb/v7-m/nofp\libcr_newlib_semihost.a(_cr_sbrk.o)
 .comment       0x0000004c       0x4d c:/nxp/mcuxpressoide_11.3.1_5262/ide/plugins/com.nxp.mcuxpresso.tools.win32_11.3.0.202008311133/tools/bin/../lib/gcc/arm-none-eabi/9.3.1/../../../../arm-none-eabi/lib/thumb/v7-m/nofp\libcr_newlib_semihost.a(_exit.o)
 .comment       0x0000004c       0x4d c:/nxp/mcuxpressoide_11.3.1_5262/ide/plugins/com.nxp.mcuxpresso.tools.win32_11.3.0.202008311133/tools/bin/../lib/gcc/arm-none-eabi/9.3.1/../../../../arm-none-eabi/lib/thumb/v7-m/nofp\libcr_newlib_semihost.a(_kill.o)
 .comment       0x0000004c       0x4d c:/nxp/mcuxpressoide_11.3.1_5262/ide/plugins/com.nxp.mcuxpresso.tools.win32_11.3.0.202008311133/tools/bin/../lib/gcc/arm-none-eabi/9.3.1/../../../../arm-none-eabi/lib/thumb/v7-m/nofp\libcr_newlib_semihost.a(syscalls.o)
 .comment       0x0000004c       0x4d c:/nxp/mcuxpressoide_11.3.1_5262/ide/plugins/com.nxp.mcuxpresso.tools.win32_11.3.0.202008311133/tools/bin/../lib/gcc/arm-none-eabi/9.3.1/../../../../arm-none-eabi/lib/thumb/v7-m/nofp\libcr_newlib_semihost.a(_cr_check_heap.o)

.ARM.attributes
                0x00000000       0x2b
 .ARM.attributes
                0x00000000       0x2d ./src/cr_startup_lpc17.o
 .ARM.attributes
                0x0000002d       0x2d ./src/irq.o
 .ARM.attributes
                0x0000005a       0x2d ./src/main.o
 .ARM.attributes
                0x00000087       0x2d ./MCU/src/lpc17xx_clkpwr.o
 .ARM.attributes
                0x000000b4       0x2d ./MCU/src/lpc17xx_gpio.o
 .ARM.attributes
                0x000000e1       0x2d ./MCU/src/lpc17xx_pinsel.o
 .ARM.attributes
                0x0000010e       0x2d ./MCU/src/lpc17xx_timer.o
 .ARM.attributes
                0x0000013b       0x2d ./CMSIS/src/system_LPC17xx.o
 .ARM.attributes
                0x00000168       0x1d c:/nxp/mcuxpressoide_11.3.1_5262/ide/plugins/com.nxp.mcuxpresso.tools.win32_11.3.0.202008311133/tools/bin/../lib/gcc/arm-none-eabi/9.3.1/thumb/v7-m/nofp\libgcc.a(_arm_addsubdf3.o)
 .ARM.attributes
                0x00000185       0x1d c:/nxp/mcuxpressoide_11.3.1_5262/ide/plugins/com.nxp.mcuxpresso.tools.win32_11.3.0.202008311133/tools/bin/../lib/gcc/arm-none-eabi/9.3.1/thumb/v7-m/nofp\libgcc.a(_arm_muldivdf3.o)
 .ARM.attributes
                0x000001a2       0x1d c:/nxp/mcuxpressoide_11.3.1_5262/ide/plugins/com.nxp.mcuxpresso.tools.win32_11.3.0.202008311133/tools/bin/../lib/gcc/arm-none-eabi/9.3.1/thumb/v7-m/nofp\libgcc.a(_aeabi_uldivmod.o)
 .ARM.attributes
                0x000001bf       0x2d c:/nxp/mcuxpressoide_11.3.1_5262/ide/plugins/com.nxp.mcuxpresso.tools.win32_11.3.0.202008311133/tools/bin/../lib/gcc/arm-none-eabi/9.3.1/thumb/v7-m/nofp\libgcc.a(_udivmoddi4.o)
 .ARM.attributes
                0x000001ec       0x1d c:/nxp/mcuxpressoide_11.3.1_5262/ide/plugins/com.nxp.mcuxpresso.tools.win32_11.3.0.202008311133/tools/bin/../lib/gcc/arm-none-eabi/9.3.1/thumb/v7-m/nofp\libgcc.a(_dvmd_tls.o)
 .ARM.attributes
                0x00000209       0x2d c:/nxp/mcuxpressoide_11.3.1_5262/ide/plugins/com.nxp.mcuxpresso.tools.win32_11.3.0.202008311133/tools/bin/../lib/gcc/arm-none-eabi/9.3.1/../../../../arm-none-eabi/lib/thumb/v7-m/nofp\libc.a(lib_a-printf.o)
 .ARM.attributes
                0x00000236       0x2d c:/nxp/mcuxpressoide_11.3.1_5262/ide/plugins/com.nxp.mcuxpresso.tools.win32_11.3.0.202008311133/tools/bin/../lib/gcc/arm-none-eabi/9.3.1/../../../../arm-none-eabi/lib/thumb/v7-m/nofp\libc.a(lib_a-vfprintf.o)
 .ARM.attributes
                0x00000263       0x2d c:/nxp/mcuxpressoide_11.3.1_5262/ide/plugins/com.nxp.mcuxpresso.tools.win32_11.3.0.202008311133/tools/bin/../lib/gcc/arm-none-eabi/9.3.1/../../../../arm-none-eabi/lib/thumb/v7-m/nofp\libc.a(lib_a-wsetup.o)
 .ARM.attributes
                0x00000290       0x2d c:/nxp/mcuxpressoide_11.3.1_5262/ide/plugins/com.nxp.mcuxpresso.tools.win32_11.3.0.202008311133/tools/bin/../lib/gcc/arm-none-eabi/9.3.1/../../../../arm-none-eabi/lib/thumb/v7-m/nofp\libc.a(lib_a-dtoa.o)
 .ARM.attributes
                0x000002bd       0x2d c:/nxp/mcuxpressoide_11.3.1_5262/ide/plugins/com.nxp.mcuxpresso.tools.win32_11.3.0.202008311133/tools/bin/../lib/gcc/arm-none-eabi/9.3.1/../../../../arm-none-eabi/lib/thumb/v7-m/nofp\libc.a(lib_a-fflush.o)
 .ARM.attributes
                0x000002ea       0x2d c:/nxp/mcuxpressoide_11.3.1_5262/ide/plugins/com.nxp.mcuxpresso.tools.win32_11.3.0.202008311133/tools/bin/../lib/gcc/arm-none-eabi/9.3.1/../../../../arm-none-eabi/lib/thumb/v7-m/nofp\libc.a(lib_a-findfp.o)
 .ARM.attributes
                0x00000317       0x2d c:/nxp/mcuxpressoide_11.3.1_5262/ide/plugins/com.nxp.mcuxpresso.tools.win32_11.3.0.202008311133/tools/bin/../lib/gcc/arm-none-eabi/9.3.1/../../../../arm-none-eabi/lib/thumb/v7-m/nofp\libc.a(lib_a-freer.o)
 .ARM.attributes
                0x00000344       0x2d c:/nxp/mcuxpressoide_11.3.1_5262/ide/plugins/com.nxp.mcuxpresso.tools.win32_11.3.0.202008311133/tools/bin/../lib/gcc/arm-none-eabi/9.3.1/../../../../arm-none-eabi/lib/thumb/v7-m/nofp\libc.a(lib_a-fwalk.o)
 .ARM.attributes
                0x00000371       0x2d c:/nxp/mcuxpressoide_11.3.1_5262/ide/plugins/com.nxp.mcuxpresso.tools.win32_11.3.0.202008311133/tools/bin/../lib/gcc/arm-none-eabi/9.3.1/../../../../arm-none-eabi/lib/thumb/v7-m/nofp\libc.a(lib_a-impure.o)
 .ARM.attributes
                0x0000039e       0x2d c:/nxp/mcuxpressoide_11.3.1_5262/ide/plugins/com.nxp.mcuxpresso.tools.win32_11.3.0.202008311133/tools/bin/../lib/gcc/arm-none-eabi/9.3.1/../../../../arm-none-eabi/lib/thumb/v7-m/nofp\libc.a(lib_a-localeconv.o)
 .ARM.attributes
                0x000003cb       0x2d c:/nxp/mcuxpressoide_11.3.1_5262/ide/plugins/com.nxp.mcuxpresso.tools.win32_11.3.0.202008311133/tools/bin/../lib/gcc/arm-none-eabi/9.3.1/../../../../arm-none-eabi/lib/thumb/v7-m/nofp\libc.a(lib_a-lock.o)
 .ARM.attributes
                0x000003f8       0x2d c:/nxp/mcuxpressoide_11.3.1_5262/ide/plugins/com.nxp.mcuxpresso.tools.win32_11.3.0.202008311133/tools/bin/../lib/gcc/arm-none-eabi/9.3.1/../../../../arm-none-eabi/lib/thumb/v7-m/nofp\libc.a(lib_a-makebuf.o)
 .ARM.attributes
                0x00000425       0x2d c:/nxp/mcuxpressoide_11.3.1_5262/ide/plugins/com.nxp.mcuxpresso.tools.win32_11.3.0.202008311133/tools/bin/../lib/gcc/arm-none-eabi/9.3.1/../../../../arm-none-eabi/lib/thumb/v7-m/nofp\libc.a(lib_a-mallocr.o)
 .ARM.attributes
                0x00000452       0x2d c:/nxp/mcuxpressoide_11.3.1_5262/ide/plugins/com.nxp.mcuxpresso.tools.win32_11.3.0.202008311133/tools/bin/../lib/gcc/arm-none-eabi/9.3.1/../../../../arm-none-eabi/lib/thumb/v7-m/nofp\libc.a(lib_a-memchr-stub.o)
 .ARM.attributes
                0x0000047f       0x1b c:/nxp/mcuxpressoide_11.3.1_5262/ide/plugins/com.nxp.mcuxpresso.tools.win32_11.3.0.202008311133/tools/bin/../lib/gcc/arm-none-eabi/9.3.1/../../../../arm-none-eabi/lib/thumb/v7-m/nofp\libc.a(lib_a-memcpy.o)
 .ARM.attributes
                0x0000049a       0x2d c:/nxp/mcuxpressoide_11.3.1_5262/ide/plugins/com.nxp.mcuxpresso.tools.win32_11.3.0.202008311133/tools/bin/../lib/gcc/arm-none-eabi/9.3.1/../../../../arm-none-eabi/lib/thumb/v7-m/nofp\libc.a(lib_a-memset.o)
 .ARM.attributes
                0x000004c7       0x2d c:/nxp/mcuxpressoide_11.3.1_5262/ide/plugins/com.nxp.mcuxpresso.tools.win32_11.3.0.202008311133/tools/bin/../lib/gcc/arm-none-eabi/9.3.1/../../../../arm-none-eabi/lib/thumb/v7-m/nofp\libc.a(lib_a-mlock.o)
 .ARM.attributes
                0x000004f4       0x2d c:/nxp/mcuxpressoide_11.3.1_5262/ide/plugins/com.nxp.mcuxpresso.tools.win32_11.3.0.202008311133/tools/bin/../lib/gcc/arm-none-eabi/9.3.1/../../../../arm-none-eabi/lib/thumb/v7-m/nofp\libc.a(lib_a-mprec.o)
 .ARM.attributes
                0x00000521       0x2d c:/nxp/mcuxpressoide_11.3.1_5262/ide/plugins/com.nxp.mcuxpresso.tools.win32_11.3.0.202008311133/tools/bin/../lib/gcc/arm-none-eabi/9.3.1/../../../../arm-none-eabi/lib/thumb/v7-m/nofp\libc.a(lib_a-s_frexp.o)
 .ARM.attributes
                0x0000054e       0x2d c:/nxp/mcuxpressoide_11.3.1_5262/ide/plugins/com.nxp.mcuxpresso.tools.win32_11.3.0.202008311133/tools/bin/../lib/gcc/arm-none-eabi/9.3.1/../../../../arm-none-eabi/lib/thumb/v7-m/nofp\libc.a(lib_a-sbrkr.o)
 .ARM.attributes
                0x0000057b       0x2d c:/nxp/mcuxpressoide_11.3.1_5262/ide/plugins/com.nxp.mcuxpresso.tools.win32_11.3.0.202008311133/tools/bin/../lib/gcc/arm-none-eabi/9.3.1/../../../../arm-none-eabi/lib/thumb/v7-m/nofp\libc.a(lib_a-stdio.o)
 .ARM.attributes
                0x000005a8       0x2d c:/nxp/mcuxpressoide_11.3.1_5262/ide/plugins/com.nxp.mcuxpresso.tools.win32_11.3.0.202008311133/tools/bin/../lib/gcc/arm-none-eabi/9.3.1/../../../../arm-none-eabi/lib/thumb/v7-m/nofp\libc.a(lib_a-strlen-stub.o)
 .ARM.attributes
                0x000005d5       0x2d c:/nxp/mcuxpressoide_11.3.1_5262/ide/plugins/com.nxp.mcuxpresso.tools.win32_11.3.0.202008311133/tools/bin/../lib/gcc/arm-none-eabi/9.3.1/../../../../arm-none-eabi/lib/thumb/v7-m/nofp\libc.a(lib_a-strncpy.o)
 .ARM.attributes
                0x00000602       0x2d c:/nxp/mcuxpressoide_11.3.1_5262/ide/plugins/com.nxp.mcuxpresso.tools.win32_11.3.0.202008311133/tools/bin/../lib/gcc/arm-none-eabi/9.3.1/../../../../arm-none-eabi/lib/thumb/v7-m/nofp\libc.a(lib_a-vfiprintf.o)
 .ARM.attributes
                0x0000062f       0x2d c:/nxp/mcuxpressoide_11.3.1_5262/ide/plugins/com.nxp.mcuxpresso.tools.win32_11.3.0.202008311133/tools/bin/../lib/gcc/arm-none-eabi/9.3.1/../../../../arm-none-eabi/lib/thumb/v7-m/nofp\libc.a(lib_a-writer.o)
 .ARM.attributes
                0x0000065c       0x2d c:/nxp/mcuxpressoide_11.3.1_5262/ide/plugins/com.nxp.mcuxpresso.tools.win32_11.3.0.202008311133/tools/bin/../lib/gcc/arm-none-eabi/9.3.1/../../../../arm-none-eabi/lib/thumb/v7-m/nofp\libc.a(lib_a-assert.o)
 .ARM.attributes
                0x00000689       0x2d c:/nxp/mcuxpressoide_11.3.1_5262/ide/plugins/com.nxp.mcuxpresso.tools.win32_11.3.0.202008311133/tools/bin/../lib/gcc/arm-none-eabi/9.3.1/../../../../arm-none-eabi/lib/thumb/v7-m/nofp\libc.a(lib_a-callocr.o)
 .ARM.attributes
                0x000006b6       0x2d c:/nxp/mcuxpressoide_11.3.1_5262/ide/plugins/com.nxp.mcuxpresso.tools.win32_11.3.0.202008311133/tools/bin/../lib/gcc/arm-none-eabi/9.3.1/../../../../arm-none-eabi/lib/thumb/v7-m/nofp\libc.a(lib_a-closer.o)
 .ARM.attributes
                0x000006e3       0x2d c:/nxp/mcuxpressoide_11.3.1_5262/ide/plugins/com.nxp.mcuxpresso.tools.win32_11.3.0.202008311133/tools/bin/../lib/gcc/arm-none-eabi/9.3.1/../../../../arm-none-eabi/lib/thumb/v7-m/nofp\libc.a(lib_a-fclose.o)
 .ARM.attributes
                0x00000710       0x2d c:/nxp/mcuxpressoide_11.3.1_5262/ide/plugins/com.nxp.mcuxpresso.tools.win32_11.3.0.202008311133/tools/bin/../lib/gcc/arm-none-eabi/9.3.1/../../../../arm-none-eabi/lib/thumb/v7-m/nofp\libc.a(lib_a-fiprintf.o)
 .ARM.attributes
                0x0000073d       0x2d c:/nxp/mcuxpressoide_11.3.1_5262/ide/plugins/com.nxp.mcuxpresso.tools.win32_11.3.0.202008311133/tools/bin/../lib/gcc/arm-none-eabi/9.3.1/../../../../arm-none-eabi/lib/thumb/v7-m/nofp\libc.a(lib_a-fputwc.o)
 .ARM.attributes
                0x0000076a       0x2d c:/nxp/mcuxpressoide_11.3.1_5262/ide/plugins/com.nxp.mcuxpresso.tools.win32_11.3.0.202008311133/tools/bin/../lib/gcc/arm-none-eabi/9.3.1/../../../../arm-none-eabi/lib/thumb/v7-m/nofp\libc.a(lib_a-fstatr.o)
 .ARM.attributes
                0x00000797       0x2d c:/nxp/mcuxpressoide_11.3.1_5262/ide/plugins/com.nxp.mcuxpresso.tools.win32_11.3.0.202008311133/tools/bin/../lib/gcc/arm-none-eabi/9.3.1/../../../../arm-none-eabi/lib/thumb/v7-m/nofp\libc.a(lib_a-fvwrite.o)
 .ARM.attributes
                0x000007c4       0x2d c:/nxp/mcuxpressoide_11.3.1_5262/ide/plugins/com.nxp.mcuxpresso.tools.win32_11.3.0.202008311133/tools/bin/../lib/gcc/arm-none-eabi/9.3.1/../../../../arm-none-eabi/lib/thumb/v7-m/nofp\libc.a(lib_a-isattyr.o)
 .ARM.attributes
                0x000007f1       0x2d c:/nxp/mcuxpressoide_11.3.1_5262/ide/plugins/com.nxp.mcuxpresso.tools.win32_11.3.0.202008311133/tools/bin/../lib/gcc/arm-none-eabi/9.3.1/../../../../arm-none-eabi/lib/thumb/v7-m/nofp\libc.a(lib_a-locale.o)
 .ARM.attributes
                0x0000081e       0x2d c:/nxp/mcuxpressoide_11.3.1_5262/ide/plugins/com.nxp.mcuxpresso.tools.win32_11.3.0.202008311133/tools/bin/../lib/gcc/arm-none-eabi/9.3.1/../../../../arm-none-eabi/lib/thumb/v7-m/nofp\libc.a(lib_a-lseekr.o)
 .ARM.attributes
                0x0000084b       0x2d c:/nxp/mcuxpressoide_11.3.1_5262/ide/plugins/com.nxp.mcuxpresso.tools.win32_11.3.0.202008311133/tools/bin/../lib/gcc/arm-none-eabi/9.3.1/../../../../arm-none-eabi/lib/thumb/v7-m/nofp\libc.a(lib_a-mbtowc_r.o)
 .ARM.attributes
                0x00000878       0x2d c:/nxp/mcuxpressoide_11.3.1_5262/ide/plugins/com.nxp.mcuxpresso.tools.win32_11.3.0.202008311133/tools/bin/../lib/gcc/arm-none-eabi/9.3.1/../../../../arm-none-eabi/lib/thumb/v7-m/nofp\libc.a(lib_a-memmove.o)
 .ARM.attributes
                0x000008a5       0x2d c:/nxp/mcuxpressoide_11.3.1_5262/ide/plugins/com.nxp.mcuxpresso.tools.win32_11.3.0.202008311133/tools/bin/../lib/gcc/arm-none-eabi/9.3.1/../../../../arm-none-eabi/lib/thumb/v7-m/nofp\libc.a(lib_a-readr.o)
 .ARM.attributes
                0x000008d2       0x2d c:/nxp/mcuxpressoide_11.3.1_5262/ide/plugins/com.nxp.mcuxpresso.tools.win32_11.3.0.202008311133/tools/bin/../lib/gcc/arm-none-eabi/9.3.1/../../../../arm-none-eabi/lib/thumb/v7-m/nofp\libc.a(lib_a-reallocr.o)
 .ARM.attributes
                0x000008ff       0x2d c:/nxp/mcuxpressoide_11.3.1_5262/ide/plugins/com.nxp.mcuxpresso.tools.win32_11.3.0.202008311133/tools/bin/../lib/gcc/arm-none-eabi/9.3.1/../../../../arm-none-eabi/lib/thumb/v7-m/nofp\libc.a(lib_a-reent.o)
 .ARM.attributes
                0x0000092c       0x2d c:/nxp/mcuxpressoide_11.3.1_5262/ide/plugins/com.nxp.mcuxpresso.tools.win32_11.3.0.202008311133/tools/bin/../lib/gcc/arm-none-eabi/9.3.1/../../../../arm-none-eabi/lib/thumb/v7-m/nofp\libc.a(lib_a-wbuf.o)
 .ARM.attributes
                0x00000959       0x2d c:/nxp/mcuxpressoide_11.3.1_5262/ide/plugins/com.nxp.mcuxpresso.tools.win32_11.3.0.202008311133/tools/bin/../lib/gcc/arm-none-eabi/9.3.1/../../../../arm-none-eabi/lib/thumb/v7-m/nofp\libc.a(lib_a-wcrtomb.o)
 .ARM.attributes
                0x00000986       0x2d c:/nxp/mcuxpressoide_11.3.1_5262/ide/plugins/com.nxp.mcuxpresso.tools.win32_11.3.0.202008311133/tools/bin/../lib/gcc/arm-none-eabi/9.3.1/../../../../arm-none-eabi/lib/thumb/v7-m/nofp\libc.a(lib_a-wctomb_r.o)
 .ARM.attributes
                0x000009b3       0x2d c:/nxp/mcuxpressoide_11.3.1_5262/ide/plugins/com.nxp.mcuxpresso.tools.win32_11.3.0.202008311133/tools/bin/../lib/gcc/arm-none-eabi/9.3.1/../../../../arm-none-eabi/lib/thumb/v7-m/nofp\libc.a(lib_a-abort.o)
 .ARM.attributes
                0x000009e0       0x2d c:/nxp/mcuxpressoide_11.3.1_5262/ide/plugins/com.nxp.mcuxpresso.tools.win32_11.3.0.202008311133/tools/bin/../lib/gcc/arm-none-eabi/9.3.1/../../../../arm-none-eabi/lib/thumb/v7-m/nofp\libc.a(lib_a-ctype_.o)
 .ARM.attributes
                0x00000a0d       0x2d c:/nxp/mcuxpressoide_11.3.1_5262/ide/plugins/com.nxp.mcuxpresso.tools.win32_11.3.0.202008311133/tools/bin/../lib/gcc/arm-none-eabi/9.3.1/../../../../arm-none-eabi/lib/thumb/v7-m/nofp\libc.a(lib_a-signal.o)
 .ARM.attributes
                0x00000a3a       0x2d c:/nxp/mcuxpressoide_11.3.1_5262/ide/plugins/com.nxp.mcuxpresso.tools.win32_11.3.0.202008311133/tools/bin/../lib/gcc/arm-none-eabi/9.3.1/../../../../arm-none-eabi/lib/thumb/v7-m/nofp\libc.a(lib_a-signalr.o)
 .ARM.attributes
                0x00000a67       0x2d c:/nxp/mcuxpressoide_11.3.1_5262/ide/plugins/com.nxp.mcuxpresso.tools.win32_11.3.0.202008311133/tools/bin/../lib/gcc/arm-none-eabi/9.3.1/../../../../arm-none-eabi/lib/thumb/v7-m/nofp\libcr_newlib_semihost.a(_cr_sbrk.o)
 .ARM.attributes
                0x00000a94       0x2d c:/nxp/mcuxpressoide_11.3.1_5262/ide/plugins/com.nxp.mcuxpresso.tools.win32_11.3.0.202008311133/tools/bin/../lib/gcc/arm-none-eabi/9.3.1/../../../../arm-none-eabi/lib/thumb/v7-m/nofp\libcr_newlib_semihost.a(_exit.o)
 .ARM.attributes
                0x00000ac1       0x2d c:/nxp/mcuxpressoide_11.3.1_5262/ide/plugins/com.nxp.mcuxpresso.tools.win32_11.3.0.202008311133/tools/bin/../lib/gcc/arm-none-eabi/9.3.1/../../../../arm-none-eabi/lib/thumb/v7-m/nofp\libcr_newlib_semihost.a(_kill.o)
 .ARM.attributes
                0x00000aee       0x2d c:/nxp/mcuxpressoide_11.3.1_5262/ide/plugins/com.nxp.mcuxpresso.tools.win32_11.3.0.202008311133/tools/bin/../lib/gcc/arm-none-eabi/9.3.1/../../../../arm-none-eabi/lib/thumb/v7-m/nofp\libcr_newlib_semihost.a(syscalls.o)
 .ARM.attributes
                0x00000b1b       0x2d c:/nxp/mcuxpressoide_11.3.1_5262/ide/plugins/com.nxp.mcuxpresso.tools.win32_11.3.0.202008311133/tools/bin/../lib/gcc/arm-none-eabi/9.3.1/../../../../arm-none-eabi/lib/thumb/v7-m/nofp\libcr_newlib_semihost.a(_cr_check_heap.o)
 .ARM.attributes
                0x00000b48       0x1d c:/nxp/mcuxpressoide_11.3.1_5262/ide/plugins/com.nxp.mcuxpresso.tools.win32_11.3.0.202008311133/tools/bin/../lib/gcc/arm-none-eabi/9.3.1/thumb/v7-m/nofp\libgcc.a(_arm_cmpdf2.o)
 .ARM.attributes
                0x00000b65       0x1d c:/nxp/mcuxpressoide_11.3.1_5262/ide/plugins/com.nxp.mcuxpresso.tools.win32_11.3.0.202008311133/tools/bin/../lib/gcc/arm-none-eabi/9.3.1/thumb/v7-m/nofp\libgcc.a(_arm_unorddf2.o)
 .ARM.attributes
                0x00000b82       0x1d c:/nxp/mcuxpressoide_11.3.1_5262/ide/plugins/com.nxp.mcuxpresso.tools.win32_11.3.0.202008311133/tools/bin/../lib/gcc/arm-none-eabi/9.3.1/thumb/v7-m/nofp\libgcc.a(_arm_fixdfsi.o)
 .ARM.attributes
                0x00000b9f       0x2d c:/nxp/mcuxpressoide_11.3.1_5262/ide/plugins/com.nxp.mcuxpresso.tools.win32_11.3.0.202008311133/tools/bin/../lib/gcc/arm-none-eabi/9.3.1/../../../../arm-none-eabi/lib/thumb/v7-m/nofp\libc.a(lib_a-errno.o)

.debug_frame    0x00000000     0x2060
 .debug_frame   0x00000000      0x120 ./src/cr_startup_lpc17.o
 .debug_frame   0x00000120       0x4c ./src/irq.o
 .debug_frame   0x0000016c      0x144 ./src/main.o
 .debug_frame   0x000002b0      0x13c ./MCU/src/lpc17xx_clkpwr.o
 .debug_frame   0x000003ec      0x428 ./MCU/src/lpc17xx_gpio.o
 .debug_frame   0x00000814       0xfc ./MCU/src/lpc17xx_pinsel.o
 .debug_frame   0x00000910      0x2a4 ./MCU/src/lpc17xx_timer.o
 .debug_frame   0x00000bb4       0x50 ./CMSIS/src/system_LPC17xx.o
 .debug_frame   0x00000c04       0xac c:/nxp/mcuxpressoide_11.3.1_5262/ide/plugins/com.nxp.mcuxpresso.tools.win32_11.3.0.202008311133/tools/bin/../lib/gcc/arm-none-eabi/9.3.1/thumb/v7-m/nofp\libgcc.a(_arm_addsubdf3.o)
 .debug_frame   0x00000cb0       0x50 c:/nxp/mcuxpressoide_11.3.1_5262/ide/plugins/com.nxp.mcuxpresso.tools.win32_11.3.0.202008311133/tools/bin/../lib/gcc/arm-none-eabi/9.3.1/thumb/v7-m/nofp\libgcc.a(_arm_muldivdf3.o)
 .debug_frame   0x00000d00       0x2c c:/nxp/mcuxpressoide_11.3.1_5262/ide/plugins/com.nxp.mcuxpresso.tools.win32_11.3.0.202008311133/tools/bin/../lib/gcc/arm-none-eabi/9.3.1/thumb/v7-m/nofp\libgcc.a(_aeabi_uldivmod.o)
 .debug_frame   0x00000d2c       0x34 c:/nxp/mcuxpressoide_11.3.1_5262/ide/plugins/com.nxp.mcuxpresso.tools.win32_11.3.0.202008311133/tools/bin/../lib/gcc/arm-none-eabi/9.3.1/thumb/v7-m/nofp\libgcc.a(_udivmoddi4.o)
 .debug_frame   0x00000d60       0x74 c:/nxp/mcuxpressoide_11.3.1_5262/ide/plugins/com.nxp.mcuxpresso.tools.win32_11.3.0.202008311133/tools/bin/../lib/gcc/arm-none-eabi/9.3.1/../../../../arm-none-eabi/lib/thumb/v7-m/nofp\libc.a(lib_a-printf.o)
 .debug_frame   0x00000dd4       0x8c c:/nxp/mcuxpressoide_11.3.1_5262/ide/plugins/com.nxp.mcuxpresso.tools.win32_11.3.0.202008311133/tools/bin/../lib/gcc/arm-none-eabi/9.3.1/../../../../arm-none-eabi/lib/thumb/v7-m/nofp\libc.a(lib_a-vfprintf.o)
 .debug_frame   0x00000e60       0x2c c:/nxp/mcuxpressoide_11.3.1_5262/ide/plugins/com.nxp.mcuxpresso.tools.win32_11.3.0.202008311133/tools/bin/../lib/gcc/arm-none-eabi/9.3.1/../../../../arm-none-eabi/lib/thumb/v7-m/nofp\libc.a(lib_a-wsetup.o)
 .debug_frame   0x00000e8c       0x8c c:/nxp/mcuxpressoide_11.3.1_5262/ide/plugins/com.nxp.mcuxpresso.tools.win32_11.3.0.202008311133/tools/bin/../lib/gcc/arm-none-eabi/9.3.1/../../../../arm-none-eabi/lib/thumb/v7-m/nofp\libc.a(lib_a-dtoa.o)
 .debug_frame   0x00000f18       0x5c c:/nxp/mcuxpressoide_11.3.1_5262/ide/plugins/com.nxp.mcuxpresso.tools.win32_11.3.0.202008311133/tools/bin/../lib/gcc/arm-none-eabi/9.3.1/../../../../arm-none-eabi/lib/thumb/v7-m/nofp\libc.a(lib_a-fflush.o)
 .debug_frame   0x00000f74      0x154 c:/nxp/mcuxpressoide_11.3.1_5262/ide/plugins/com.nxp.mcuxpresso.tools.win32_11.3.0.202008311133/tools/bin/../lib/gcc/arm-none-eabi/9.3.1/../../../../arm-none-eabi/lib/thumb/v7-m/nofp\libc.a(lib_a-findfp.o)
 .debug_frame   0x000010c8       0x8c c:/nxp/mcuxpressoide_11.3.1_5262/ide/plugins/com.nxp.mcuxpresso.tools.win32_11.3.0.202008311133/tools/bin/../lib/gcc/arm-none-eabi/9.3.1/../../../../arm-none-eabi/lib/thumb/v7-m/nofp\libc.a(lib_a-freer.o)
 .debug_frame   0x00001154       0x54 c:/nxp/mcuxpressoide_11.3.1_5262/ide/plugins/com.nxp.mcuxpresso.tools.win32_11.3.0.202008311133/tools/bin/../lib/gcc/arm-none-eabi/9.3.1/../../../../arm-none-eabi/lib/thumb/v7-m/nofp\libc.a(lib_a-fwalk.o)
 .debug_frame   0x000011a8       0x40 c:/nxp/mcuxpressoide_11.3.1_5262/ide/plugins/com.nxp.mcuxpresso.tools.win32_11.3.0.202008311133/tools/bin/../lib/gcc/arm-none-eabi/9.3.1/../../../../arm-none-eabi/lib/thumb/v7-m/nofp\libc.a(lib_a-localeconv.o)
 .debug_frame   0x000011e8       0xb0 c:/nxp/mcuxpressoide_11.3.1_5262/ide/plugins/com.nxp.mcuxpresso.tools.win32_11.3.0.202008311133/tools/bin/../lib/gcc/arm-none-eabi/9.3.1/../../../../arm-none-eabi/lib/thumb/v7-m/nofp\libc.a(lib_a-lock.o)
 .debug_frame   0x00001298       0x6c c:/nxp/mcuxpressoide_11.3.1_5262/ide/plugins/com.nxp.mcuxpresso.tools.win32_11.3.0.202008311133/tools/bin/../lib/gcc/arm-none-eabi/9.3.1/../../../../arm-none-eabi/lib/thumb/v7-m/nofp\libc.a(lib_a-makebuf.o)
 .debug_frame   0x00001304       0x4c c:/nxp/mcuxpressoide_11.3.1_5262/ide/plugins/com.nxp.mcuxpresso.tools.win32_11.3.0.202008311133/tools/bin/../lib/gcc/arm-none-eabi/9.3.1/../../../../arm-none-eabi/lib/thumb/v7-m/nofp\libc.a(lib_a-mallocr.o)
 .debug_frame   0x00001350       0x44 c:/nxp/mcuxpressoide_11.3.1_5262/ide/plugins/com.nxp.mcuxpresso.tools.win32_11.3.0.202008311133/tools/bin/../lib/gcc/arm-none-eabi/9.3.1/../../../../arm-none-eabi/lib/thumb/v7-m/nofp\libc.a(lib_a-memchr-stub.o)
 .debug_frame   0x00001394       0x38 c:/nxp/mcuxpressoide_11.3.1_5262/ide/plugins/com.nxp.mcuxpresso.tools.win32_11.3.0.202008311133/tools/bin/../lib/gcc/arm-none-eabi/9.3.1/../../../../arm-none-eabi/lib/thumb/v7-m/nofp\libc.a(lib_a-memset.o)
 .debug_frame   0x000013cc       0x30 c:/nxp/mcuxpressoide_11.3.1_5262/ide/plugins/com.nxp.mcuxpresso.tools.win32_11.3.0.202008311133/tools/bin/../lib/gcc/arm-none-eabi/9.3.1/../../../../arm-none-eabi/lib/thumb/v7-m/nofp\libc.a(lib_a-mlock.o)
 .debug_frame   0x000013fc      0x260 c:/nxp/mcuxpressoide_11.3.1_5262/ide/plugins/com.nxp.mcuxpresso.tools.win32_11.3.0.202008311133/tools/bin/../lib/gcc/arm-none-eabi/9.3.1/../../../../arm-none-eabi/lib/thumb/v7-m/nofp\libc.a(lib_a-mprec.o)
 .debug_frame   0x0000165c       0x30 c:/nxp/mcuxpressoide_11.3.1_5262/ide/plugins/com.nxp.mcuxpresso.tools.win32_11.3.0.202008311133/tools/bin/../lib/gcc/arm-none-eabi/9.3.1/../../../../arm-none-eabi/lib/thumb/v7-m/nofp\libc.a(lib_a-s_frexp.o)
 .debug_frame   0x0000168c       0x2c c:/nxp/mcuxpressoide_11.3.1_5262/ide/plugins/com.nxp.mcuxpresso.tools.win32_11.3.0.202008311133/tools/bin/../lib/gcc/arm-none-eabi/9.3.1/../../../../arm-none-eabi/lib/thumb/v7-m/nofp\libc.a(lib_a-sbrkr.o)
 .debug_frame   0x000016b8       0x8c c:/nxp/mcuxpressoide_11.3.1_5262/ide/plugins/com.nxp.mcuxpresso.tools.win32_11.3.0.202008311133/tools/bin/../lib/gcc/arm-none-eabi/9.3.1/../../../../arm-none-eabi/lib/thumb/v7-m/nofp\libc.a(lib_a-stdio.o)
 .debug_frame   0x00001744       0x20 c:/nxp/mcuxpressoide_11.3.1_5262/ide/plugins/com.nxp.mcuxpresso.tools.win32_11.3.0.202008311133/tools/bin/../lib/gcc/arm-none-eabi/9.3.1/../../../../arm-none-eabi/lib/thumb/v7-m/nofp\libc.a(lib_a-strlen-stub.o)
 .debug_frame   0x00001764       0x38 c:/nxp/mcuxpressoide_11.3.1_5262/ide/plugins/com.nxp.mcuxpresso.tools.win32_11.3.0.202008311133/tools/bin/../lib/gcc/arm-none-eabi/9.3.1/../../../../arm-none-eabi/lib/thumb/v7-m/nofp\libc.a(lib_a-strncpy.o)
 .debug_frame   0x0000179c       0xd0 c:/nxp/mcuxpressoide_11.3.1_5262/ide/plugins/com.nxp.mcuxpresso.tools.win32_11.3.0.202008311133/tools/bin/../lib/gcc/arm-none-eabi/9.3.1/../../../../arm-none-eabi/lib/thumb/v7-m/nofp\libc.a(lib_a-vfiprintf.o)
 .debug_frame   0x0000186c       0x30 c:/nxp/mcuxpressoide_11.3.1_5262/ide/plugins/com.nxp.mcuxpresso.tools.win32_11.3.0.202008311133/tools/bin/../lib/gcc/arm-none-eabi/9.3.1/../../../../arm-none-eabi/lib/thumb/v7-m/nofp\libc.a(lib_a-writer.o)